Component: ARM Compiler 5.06 update 4 (build 422) Tool: armlink [4d35d2]

==============================================================================

Section Cross References

    startup_stm32f10x_md.o(RESET) refers to startup_stm32f10x_md.o(STACK) for __initial_sp
    startup_stm32f10x_md.o(RESET) refers to startup_stm32f10x_md.o(.text) for Reset_Handler
    startup_stm32f10x_md.o(RESET) refers to stm32f10x_it.o(i.NMI_Handler) for NMI_Handler
    startup_stm32f10x_md.o(RESET) refers to stm32f10x_it.o(i.HardFault_Handler) for HardFault_Handler
    startup_stm32f10x_md.o(RESET) refers to stm32f10x_it.o(i.MemManage_Handler) for MemManage_Handler
    startup_stm32f10x_md.o(RESET) refers to stm32f10x_it.o(i.BusFault_Handler) for BusFault_Handler
    startup_stm32f10x_md.o(RESET) refers to stm32f10x_it.o(i.UsageFault_Handler) for UsageFault_Handler
    startup_stm32f10x_md.o(RESET) refers to stm32f10x_it.o(i.SVC_Handler) for SVC_Handler
    startup_stm32f10x_md.o(RESET) refers to stm32f10x_it.o(i.DebugMon_Handler) for DebugMon_Handler
    startup_stm32f10x_md.o(RESET) refers to stm32f10x_it.o(i.PendSV_Handler) for PendSV_Handler
    startup_stm32f10x_md.o(RESET) refers to stm32f10x_it.o(i.SysTick_Handler) for SysTick_Handler
    startup_stm32f10x_md.o(RESET) refers to control.o(i.TIM2_IRQHandler) for TIM2_IRQHandler
    startup_stm32f10x_md.o(RESET) refers to usart.o(i.USART1_IRQHandler) for USART1_IRQHandler
    startup_stm32f10x_md.o(RESET) refers to ble.o(i.USART2_IRQHandler) for USART2_IRQHandler
    startup_stm32f10x_md.o(.text) refers to system_stm32f10x.o(i.SystemInit) for SystemInit
    startup_stm32f10x_md.o(.text) refers to entry.o(.ARM.Collect$$$$00000000) for __main
    system_stm32f10x.o(i.SetSysClock) refers to system_stm32f10x.o(i.SetSysClockTo72) for SetSysClockTo72
    system_stm32f10x.o(i.SystemCoreClockUpdate) refers to system_stm32f10x.o(.data) for SystemCoreClock
    system_stm32f10x.o(i.SystemInit) refers to system_stm32f10x.o(i.SetSysClock) for SetSysClock
    mpu6050.o(i.ANO_IMU) refers to fmul.o(.text) for __aeabi_fmul
    mpu6050.o(i.ANO_IMU) refers to ffixi.o(.text) for __aeabi_f2iz
    mpu6050.o(i.ANO_IMU) refers to stm32f10x_usart.o(i.USART_GetFlagStatus) for USART_GetFlagStatus
    mpu6050.o(i.ANO_IMU) refers to stm32f10x_usart.o(i.USART_SendData) for USART_SendData
    mpu6050.o(i.ANO_IMU) refers to mpu6050.o(.data) for IMU
    mpu6050.o(i.Data2Value) refers to i2c_pro.o(i.I2C_Read_16) for I2C_Read_16
    mpu6050.o(i.Data2Value) refers to fflti.o(.text) for __aeabi_i2f
    mpu6050.o(i.Data2Value) refers to fdiv.o(.text) for __aeabi_fdiv
    mpu6050.o(i.Data2Value) refers to f2d.o(.text) for __aeabi_f2d
    mpu6050.o(i.Data2Value) refers to ddiv.o(.text) for __aeabi_ddiv
    mpu6050.o(i.Data2Value) refers to d2f.o(.text) for __aeabi_d2f
    mpu6050.o(i.Data2Value) refers to mpu6050.o(.data) for IMU
    mpu6050.o(i.IMU_Update) refers to mpu6050.o(i.Data2Value) for Data2Value
    mpu6050.o(i.IMU_Update) refers to fmul.o(.text) for __aeabi_fmul
    mpu6050.o(i.IMU_Update) refers to fadd.o(.text) for __aeabi_fadd
    mpu6050.o(i.IMU_Update) refers to f2d.o(.text) for __aeabi_f2d
    mpu6050.o(i.IMU_Update) refers to sqrt.o(i.sqrt) for sqrt
    mpu6050.o(i.IMU_Update) refers to d2f.o(.text) for __aeabi_d2f
    mpu6050.o(i.IMU_Update) refers to fdiv.o(.text) for __aeabi_fdiv
    mpu6050.o(i.IMU_Update) refers to mpu6050.o(.data) for IMU
    mpu6050.o(i.IMU_Update) refers to atan2.o(i.atan2) for atan2
    mpu6050.o(i.IMU_Update) refers to dmul.o(.text) for __aeabi_dmul
    mpu6050.o(i.IMU_Update) refers to asin.o(i.asin) for asin
    mpu6050.o(i.IMU_Update) refers to ffixui.o(.text) for __aeabi_f2uiz
    mpu6050.o(i.InvSqrt) refers to fmul.o(.text) for __aeabi_fmul
    mpu6050.o(i.InvSqrt) refers to fadd.o(.text) for __aeabi_frsub
    mpu6050.o(i.MPU6050_Init) refers to i2c_pro.o(i.I2C_Send_Data) for I2C_Send_Data
    mpu6050.o(i.MPU6050_Init) refers to delay.o(i.Delay_ms) for Delay_ms
    mpu6050.o(i.MPU6050_Init) refers to i2c_pro.o(i.I2C_Read_Data) for I2C_Read_Data
    mpu6050.o(i.MPU6050_Init) refers to printfa.o(i.__0printf) for __2printf
    mpu6050.o(i.test_read) refers to mpu6050.o(i.IMU_Update) for IMU_Update
    mpu6050.o(i.test_read) refers to f2d.o(.text) for __aeabi_f2d
    mpu6050.o(i.test_read) refers to printfa.o(i.__0printf) for __2printf
    mpu6050.o(i.test_read) refers to mpu6050.o(.data) for IMU
    oled.o(i.OLED_Area_Clear) refers to oled.o(i.OLED_CMD) for OLED_CMD
    oled.o(i.OLED_Area_Clear) refers to oled.o(i.OLED_DATA) for OLED_DATA
    oled.o(i.OLED_C6X8) refers to oled.o(i.OLED_Pos) for OLED_Pos
    oled.o(i.OLED_C6X8) refers to oled.o(i.OLED_DATA) for OLED_DATA
    oled.o(i.OLED_C6X8) refers to oled.o(.constdata) for F6X8
    oled.o(i.OLED_C8X16) refers to oled.o(i.OLED_Pos) for OLED_Pos
    oled.o(i.OLED_C8X16) refers to oled.o(i.OLED_DATA) for OLED_DATA
    oled.o(i.OLED_C8X16) refers to oled.o(.constdata) for F8X16
[...]
    ../clib/microlib/printf/printf.c         0x00000000   Number         0  printfa.o ABSOLUTE
    ../clib/microlib/printf/stubs.s          0x00000000   Number         0  stubs.o ABSOLUTE
    ../clib/microlib/stdio/streams.c         0x00000000   Number         0  stdout.o ABSOLUTE
    ../clib/microlib/stubs.s                 0x00000000   Number         0  iusefp.o ABSOLUTE
    ../fplib/microlib/d2f.c                  0x00000000   Number         0  d2f.o ABSOLUTE
    ../fplib/microlib/f2d.c                  0x00000000   Number         0  f2d.o ABSOLUTE
    ../fplib/microlib/fpadd.c                0x00000000   Number         0  fadd.o ABSOLUTE
    ../fplib/microlib/fpadd.c                0x00000000   Number         0  dadd.o ABSOLUTE
    ../fplib/microlib/fpdiv.c                0x00000000   Number         0  fdiv.o ABSOLUTE
    ../fplib/microlib/fpdiv.c                0x00000000   Number         0  ddiv.o ABSOLUTE
    ../fplib/microlib/fpepilogue.c           0x00000000   Number         0  depilogue.o ABSOLUTE
    ../fplib/microlib/fpepilogue.c           0x00000000   Number         0  fepilogue.o ABSOLUTE
    ../fplib/microlib/fpfix.c                0x00000000   Number         0  ffixi.o ABSOLUTE
    ../fplib/microlib/fpfix.c                0x00000000   Number         0  ffixui.o ABSOLUTE
    ../fplib/microlib/fpfix.c                0x00000000   Number         0  dfixul.o ABSOLUTE
    ../fplib/microlib/fpflt.c                0x00000000   Number         0  fflti.o ABSOLUTE
    ../fplib/microlib/fpmul.c                0x00000000   Number         0  fmul.o ABSOLUTE
    ../fplib/microlib/fpmul.c                0x00000000   Number         0  dmul.o ABSOLUTE
    ../fplib/microlib/fpscalb.c              0x00000000   Number         0  dscalb.o ABSOLUTE
    ../fplib/microlib/fpsqrt.c               0x00000000   Number         0  dsqrt.o ABSOLUTE
    ../mathlib/asin.c                        0x00000000   Number         0  asin_x.o ABSOLUTE
    ../mathlib/asin.c                        0x00000000   Number         0  asin.o ABSOLUTE
    ../mathlib/atan.c                        0x00000000   Number         0  atan_x.o ABSOLUTE
    ../mathlib/atan.c                        0x00000000   Number         0  atan.o ABSOLUTE
    ../mathlib/atan2.c                       0x00000000   Number         0  atan2_x.o ABSOLUTE
    ../mathlib/atan2.c                       0x00000000   Number         0  atan2.o ABSOLUTE
    ../mathlib/dunder.c                      0x00000000   Number         0  dunder.o ABSOLUTE
    ../mathlib/fpclassify.c                  0x00000000   Number         0  fpclassify.o ABSOLUTE
    ../mathlib/poly.c                        0x00000000   Number         0  poly.o ABSOLUTE
    ../mathlib/qnan.c                        0x00000000   Number         0  qnan.o ABSOLUTE
    ../mathlib/sqrt.c                        0x00000000   Number         0  sqrt_x.o ABSOLUTE
    ../mathlib/sqrt.c                        0x00000000   Number         0  sqrt.o ABSOLUTE
    APP\BLE.c                                0x00000000   Number         0  ble.o ABSOLUTE
    APP\Beep.c                               0x00000000   Number         0  beep.o ABSOLUTE
    APP\Control.c                            0x00000000   Number         0  control.o ABSOLUTE
    APP\I2C_Pro.c                            0x00000000   Number         0  i2c_pro.o ABSOLUTE
    APP\Key.c                                0x00000000   Number         0  key.o ABSOLUTE
    APP\LED.c                                0x00000000   Number         0  led.o ABSOLUTE
    APP\Lever.c                              0x00000000   Number         0  lever.o ABSOLUTE
    APP\MPU6050.c                            0x00000000   Number         0  mpu6050.o ABSOLUTE
    APP\NRF.c                                0x00000000   Number         0  nrf.o ABSOLUTE
    APP\OLED.c                               0x00000000   Number         0  oled.o ABSOLUTE
    APP\SIM_IIC.c                            0x00000000   Number         0  sim_iic.o ABSOLUTE
    APP\Toggle_Switch.c                      0x00000000   Number         0  toggle_switch.o ABSOLUTE
    CMSIS\Startup\startup_stm32f10x_md.s     0x00000000   Number         0  startup_stm32f10x_md.o ABSOLUTE
    CMSIS\\core_cm3.c                        0x00000000   Number         0  core_cm3.o ABSOLUTE
    CMSIS\core_cm3.c                         0x00000000   Number         0  core_cm3.o ABSOLUTE
    CMSIS\system_stm32f10x.c                 0x00000000   Number         0  system_stm32f10x.o ABSOLUTE
    FWlib\src\misc.c                         0x00000000   Number         0  misc.o ABSOLUTE
    FWlib\src\stm32f10x_adc.c                0x00000000   Number         0  stm32f10x_adc.o ABSOLUTE
    FWlib\src\stm32f10x_bkp.c                0x00000000   Number         0  stm32f10x_bkp.o ABSOLUTE
    FWlib\src\stm32f10x_can.c                0x00000000   Number         0  stm32f10x_can.o ABSOLUTE
    FWlib\src\stm32f10x_cec.c                0x00000000   Number         0  stm32f10x_cec.o ABSOLUTE
    FWlib\src\stm32f10x_crc.c                0x00000000   Number         0  stm32f10x_crc.o ABSOLUTE
    FWlib\src\stm32f10x_dac.c                0x00000000   Number         0  stm32f10x_dac.o ABSOLUTE
    FWlib\src\stm32f10x_dbgmcu.c             0x00000000   Number         0  stm32f10x_dbgmcu.o ABSOLUTE
    FWlib\src\stm32f10x_dma.c                0x00000000   Number         0  stm32f10x_dma.o ABSOLUTE
    FWlib\src\stm32f10x_exti.c               0x00000000   Number         0  stm32f10x_exti.o ABSOLUTE
    FWlib\src\stm32f10x_flash.c              0x00000000   Number         0  stm32f10x_flash.o ABSOLUTE
    FWlib\src\stm32f10x_fsmc.c               0x00000000   Number         0  stm32f10x_fsmc.o ABSOLUTE
    FWlib\src\stm32f10x_gpio.c               0x00000000   Number         0  stm32f10x_gpio.o ABSOLUTE
    FWlib\src\stm32f10x_i2c.c                0x00000000   Number         0  stm32f10x_i2c.o ABSOLUTE
    FWlib\src\stm32f10x_iwdg.c               0x00000000   Number         0  stm32f10x_iwdg.o ABSOLUTE
    FWlib\src\stm32f10x_pwr.c                0x00000000   Number         0  stm32f10x_pwr.o ABSOLUTE
    FWlib\src\stm32f10x_rcc.c                0x00000000   Number         0  stm32f10x_rcc.o ABSOLUTE
    FWlib\src\stm32f10x_rtc.c                0x00000000   Number         0  stm32f10x_rtc.o ABSOLUTE
    FWlib\src\stm32f10x_sdio.c               0x00000000   Number         0  stm32f10x_sdio.o ABSOLUTE
    FWlib\src\stm32f10x_spi.c                0x00000000   Number         0  stm32f10x_spi.o ABSOLUTE
    FWlib\src\stm32f10x_tim.c                0x00000000   Number         0  stm32f10x_tim.o ABSOLUTE
    FWlib\src\stm32f10x_usart.c              0x00000000   Number         0  stm32f10x_usart.o ABSOLUTE
    FWlib\src\stm32f10x_wwdg.c               0x00000000   Number         0  stm32f10x_wwdg.o ABSOLUTE
    SYSTEM\Delay.c                           0x00000000   Number         0  delay.o ABSOLUTE
    SYSTEM\sys.c                             0x00000000   Number         0  sys.o ABSOLUTE
    SYSTEM\usart.c                           0x00000000   Number         0  usart.o ABSOLUTE
    USER\main.c                              0x00000000   Number         0  main.o ABSOLUTE
    USER\stm32f10x_it.c                      0x00000000   Number         0  stm32f10x_it.o ABSOLUTE
    cdcmple.s                                0x00000000   Number         0  cdcmple.o ABSOLUTE
    cdrcmple.s                               0x00000000   Number         0  cdrcmple.o ABSOLUTE
    dc.s                                     0x00000000   Number         0  dc.o ABSOLUTE
    handlers.s                               0x00000000   Number         0  handlers.o ABSOLUTE
    init.s                                   0x00000000   Number         0  init.o ABSOLUTE
    RESET                                    0x08000000   Section      236  startup_stm32f10x_md.o(RESET)
    .ARM.Collect$$$$00000000                 0x080000ec   Section        0  entry.o(.ARM.Collect$$$$00000000)
    .ARM.Collect$$$$00000001                 0x080000ec   Section        4  entry2.o(.ARM.Collect$$$$00000001)
    .ARM.Collect$$$$00000004                 0x080000f0   Section        4  entry5.o(.ARM.Collect$$$$00000004)
    .ARM.Collect$$$$00000008                 0x080000f4   Section        0  entry7b.o(.ARM.Collect$$$$00000008)
    .ARM.Collect$$$$0000000A                 0x080000f4   Section        0  entry8b.o(.ARM.Collect$$$$0000000A)
    .ARM.Collect$$$$0000000B                 0x080000f4   Section        8  entry9a.o(.ARM.Collect$$$$0000000B)
    .ARM.Collect$$$$0000000D                 0x080000fc   Section        0  entry10a.o(.ARM.Collect$$$$0000000D)
    .ARM.Collect$$$$0000000F                 0x080000fc   Section        0  entry11a.o(.ARM.Collect$$$$0000000F)
    .ARM.Collect$$$$00002712                 0x080000fc   Section        4  entry2.o(.ARM.Collect$$$$00002712)
    __lit__00000000                          0x080000fc   Data           4  entry2.o(.ARM.Collect$$$$00002712)
    .text                                    0x08000100   Section       36  startup_stm32f10x_md.o(.text)
    .text                                    0x08000124   Section        0  fadd.o(.text)
    .text                                    0x080001d4   Section        0  fmul.o(.text)
    .text                                    0x08000238   Section        0  fdiv.o(.text)
    .text                                    0x080002b4   Section        0  dmul.o(.text)
    .text                                    0x08000398   Section        0  ddiv.o(.text)
    .text                                    0x08000476   Section        0  fflti.o(.text)
    .text                                    0x08000488   Section        0  ffixui.o(.text)
    .text                                    0x080004b0   Section        0  f2d.o(.text)
    .text                                    0x080004d6   Section        0  d2f.o(.text)
    .text                                    0x0800050e   Section        0  uidiv.o(.text)
    .text                                    0x0800053a   Section        0  uldiv.o(.text)
    .text                                    0x0800059c   Section        0  iusefp.o(.text)
    .text                                    0x0800059c   Section        0  fepilogue.o(.text)
    .text                                    0x0800060a   Section        0  depilogue.o(.text)
    .text                                    0x080006c4   Section        0  dadd.o(.text)
    .text                                    0x08000812   Section        0  dscalb.o(.text)
    .text                                    0x08000840   Section        0  dsqrt.o(.text)
    .text                                    0x080008e2   Section        0  dfixul.o(.text)
    .text                                    0x08000914   Section       48  cdrcmple.o(.text)
    .text                                    0x08000944   Section       36  init.o(.text)
    .text                                    0x08000968   Section        0  llshl.o(.text)
    .text                                    0x08000986   Section        0  llushr.o(.text)
    .text                                    0x080009a6   Section        0  llsshr.o(.text)
    i.ADC_Cmd                                0x080009ca   Section        0  stm32f10x_adc.o(i.ADC_Cmd)
    i.ADC_DMACmd                             0x080009e0   Section        0  stm32f10x_adc.o(i.ADC_DMACmd)
    i.ADC_GetCalibrationStatus               0x080009f6   Section        0  stm32f10x_adc.o(i.ADC_GetCalibrationStatus)
    i.ADC_GetResetCalibrationStatus          0x08000a0a   Section        0  stm32f10x_adc.o(i.ADC_GetResetCalibrationStatus)
    i.ADC_Init                               0x08000a20   Section        0  stm32f10x_adc.o(i.ADC_Init)
    i.ADC_RegularChannelConfig               0x08000a70   Section        0  stm32f10x_adc.o(i.ADC_RegularChannelConfig)
    i.ADC_ResetCalibration                   0x08000b28   Section        0  stm32f10x_adc.o(i.ADC_ResetCalibration)
    i.ADC_StartCalibration                   0x08000b32   Section        0  stm32f10x_adc.o(i.ADC_StartCalibration)
    i.BLE_Config                             0x08000b3c   Section        0  ble.o(i.BLE_Config)
    i.BLE_NRF                                0x08000bd0   Section        0  control.o(i.BLE_NRF)
    i.BLE_Rx                                 0x08000cbc   Section        0  ble.o(i.BLE_Rx)
    i.BLE_Tx                                 0x08000ce0   Section        0  ble.o(i.BLE_Tx)
    i.Beep_Config                            0x08000d04   Section        0  beep.o(i.Beep_Config)
    i.BusFault_Handler                       0x08000d3c   Section        0  stm32f10x_it.o(i.BusFault_Handler)
    i.Control_Lever_Config                   0x08000d40   Section        0  lever.o(i.Control_Lever_Config)
    i.DATA_Task                              0x08000e70   Section        0  control.o(i.DATA_Task)
    i.DMA_Cmd                                0x08001178   Section        0  stm32f10x_dma.o(i.DMA_Cmd)
    i.DMA_Init                               0x08001190   Section        0  stm32f10x_dma.o(i.DMA_Init)
    i.Data2Value                             0x080011cc   Section        0  mpu6050.o(i.Data2Value)
    i.DebugMon_Handler                       0x080012a0   Section        0  stm32f10x_it.o(i.DebugMon_Handler)
    i.Delay_Config                           0x080012a4   Section        0  delay.o(i.Delay_Config)
    i.Delay_ms                               0x080012e8   Section        0  delay.o(i.Delay_ms)
    i.Delay_us                               0x08001334   Section        0  delay.o(i.Delay_us)
    i.GPIO_Init                              0x08001380   Section        0  stm32f10x_gpio.o(i.GPIO_Init)
    i.GPIO_PinRemapConfig                    0x08001498   Section        0  stm32f10x_gpio.o(i.GPIO_PinRemapConfig)
    i.GPIO_ReadInputDataBit                  0x08001528   Section        0  stm32f10x_gpio.o(i.GPIO_ReadInputDataBit)
    i.GPIO_ReadOutputDataBit                 0x0800153a   Section        0  stm32f10x_gpio.o(i.GPIO_ReadOutputDataBit)
    i.GPIO_ResetBits                         0x0800154c   Section        0  stm32f10x_gpio.o(i.GPIO_ResetBits)
    i.GPIO_SetBits                           0x08001550   Section        0  stm32f10x_gpio.o(i.GPIO_SetBits)
    i.Get_Key                                0x08001554   Section        0  key.o(i.Get_Key)
    i.HardFault_Handler                      0x080015e0   Section        0  stm32f10x_it.o(i.HardFault_Handler)
    i.I2C_Check_Ack                          0x080015e4   Section        0  i2c_pro.o(i.I2C_Check_Ack)
    i.I2C_GPIO_Config                        0x0800163c   Section        0  i2c_pro.o(i.I2C_GPIO_Config)
    i.I2C_Master_Ack                         0x0800167c   Section        0  i2c_pro.o(i.I2C_Master_Ack)
    i.I2C_ReadByte                           0x080016d0   Section        0  i2c_pro.o(i.I2C_ReadByte)
    i.I2C_Read_16                            0x08001730   Section        0  i2c_pro.o(i.I2C_Read_16)
    i.I2C_Read_Data                          0x0800177a   Section        0  i2c_pro.o(i.I2C_Read_Data)
    i.I2C_SendByte                           0x080017b8   Section        0  i2c_pro.o(i.I2C_SendByte)
    i.I2C_Send_Data                          0x0800182c   Section        0  i2c_pro.o(i.I2C_Send_Data)
    i.I2C_Start                              0x0800185c   Section        0  i2c_pro.o(i.I2C_Start)
    i.I2C_Stop                               0x0800189c   Section        0  i2c_pro.o(i.I2C_Stop)
    i.IMU_Update                             0x080018d4   Section        0  mpu6050.o(i.IMU_Update)
    i.Key_Config                             0x08002038   Section        0  key.o(i.Key_Config)
    i.Key_Scan                               0x08002094   Section        0  key.o(i.Key_Scan)
    i.LED1_Set                               0x08002124   Section        0  led.o(i.LED1_Set)
    i.LED2_Set                               0x08002168   Section        0  led.o(i.LED2_Set)
    i.LED3_Set                               0x080021ac   Section        0  led.o(i.LED3_Set)
    i.LED_Config                             0x080021f0   Section        0  led.o(i.LED_Config)
    i.LEV_BLE                                0x08002238   Section        0  control.o(i.LEV_BLE)
    i.LEV_NRF                                0x08002294   Section        0  control.o(i.LEV_NRF)
    i.MPU6050_Init                           0x08002324   Section        0  mpu6050.o(i.MPU6050_Init)
    i.MPU_BLE                                0x080023e4   Section        0  control.o(i.MPU_BLE)
    i.MPU_NRF                                0x080024a0   Section        0  control.o(i.MPU_NRF)
    i.MemManage_Handler                      0x08002594   Section        0  stm32f10x_it.o(i.MemManage_Handler)
    i.NMI_Handler                            0x08002598   Section        0  stm32f10x_it.o(i.NMI_Handler)
    i.NRF_BLE                                0x0800259c   Section        0  control.o(i.NRF_BLE)
    i.NRF_Check                              0x08002630   Section        0  nrf.o(i.NRF_Check)
    i.NRF_RBuf                               0x08002680   Section        0  nrf.o(i.NRF_RBuf)
    i.NRF_RReg                               0x080026bc   Section        0  nrf.o(i.NRF_RReg)
    i.NRF_RX_Mode                            0x080026e8   Section        0  nrf.o(i.NRF_RX_Mode)
    i.NRF_RxPacket                           0x08002740   Section        0  nrf.o(i.NRF_RxPacket)
    i.NRF_TxPacket                           0x0800277c   Section        0  nrf.o(i.NRF_TxPacket)
    i.NRF_Tx_Mode                            0x080027e4   Section        0  nrf.o(i.NRF_Tx_Mode)
    i.NRF_WBuf                               0x0800284c   Section        0  nrf.o(i.NRF_WBuf)
    i.NRF_WReg                               0x08002888   Section        0  nrf.o(i.NRF_WReg)
    i.NVIC_Config                            0x080028b8   Section        0  sys.o(i.NVIC_Config)
    i.NVIC_Init                              0x080028e4   Section        0  misc.o(i.NVIC_Init)
    i.NVIC_PriorityGroupConfig               0x08002954   Section        0  misc.o(i.NVIC_PriorityGroupConfig)
    i.OLED_Area_Clear                        0x08002968   Section        0  oled.o(i.OLED_Area_Clear)
    i.OLED_C6X8                              0x080029a0   Section        0  oled.o(i.OLED_C6X8)
    i.OLED_C8X16                             0x080029e0   Section        0  oled.o(i.OLED_C8X16)
    i.OLED_CMD                               0x08002a38   Section        0  oled.o(i.OLED_CMD)
    i.OLED_Clear                             0x08002a66   Section        0  oled.o(i.OLED_Clear)
    i.OLED_DATA                              0x08002a9e   Section        0  oled.o(i.OLED_DATA)
    i.OLED_Init                              0x08002acc   Section        0  oled.o(i.OLED_Init)
    i.OLED_PIC                               0x08002b7e   Section        0  oled.o(i.OLED_PIC)
    i.OLED_Pos                               0x08002bc0   Section        0  oled.o(i.OLED_Pos)
    i.OLED_S6X8                              0x08002c3c   Section        0  oled.o(i.OLED_S6X8)
    i.OLED_S8X16                             0x08002c70   Section        0  oled.o(i.OLED_S8X16)
    i.PendSV_Handler                         0x08002c9a   Section        0  stm32f10x_it.o(i.PendSV_Handler)
    i.RCC_ADCCLKConfig                       0x08002c9c   Section        0  stm32f10x_rcc.o(i.RCC_ADCCLKConfig)
    i.RCC_AHBPeriphClockCmd                  0x08002cb4   Section        0  stm32f10x_rcc.o(i.RCC_AHBPeriphClockCmd)
    i.RCC_APB1PeriphClockCmd                 0x08002cd4   Section        0  stm32f10x_rcc.o(i.RCC_APB1PeriphClockCmd)
    i.RCC_APB2PeriphClockCmd                 0x08002cf4   Section        0  stm32f10x_rcc.o(i.RCC_APB2PeriphClockCmd)
    i.RCC_Config                             0x08002d14   Section        0  sys.o(i.RCC_Config)
    i.RCC_DeInit                             0x08002d6c   Section        0  stm32f10x_rcc.o(i.RCC_DeInit)
    i.RCC_GetClocksFreq                      0x08002db8   Section        0  stm32f10x_rcc.o(i.RCC_GetClocksFreq)
    i.RCC_GetFlagStatus                      0x08002e8c   Section        0  stm32f10x_rcc.o(i.RCC_GetFlagStatus)
    i.RCC_GetSYSCLKSource                    0x08002ec8   Section        0  stm32f10x_rcc.o(i.RCC_GetSYSCLKSource)
    i.RCC_HCLKConfig                         0x08002ed8   Section        0  stm32f10x_rcc.o(i.RCC_HCLKConfig)
    i.RCC_HSEConfig                          0x08002ef0   Section        0  stm32f10x_rcc.o(i.RCC_HSEConfig)
    i.RCC_PCLK1Config                        0x08002f3c   Section        0  stm32f10x_rcc.o(i.RCC_PCLK1Config)
    i.RCC_PCLK2Config                        0x08002f54   Section        0  stm32f10x_rcc.o(i.RCC_PCLK2Config)
    i.RCC_PLLCmd                             0x08002f6c   Section        0  stm32f10x_rcc.o(i.RCC_PLLCmd)
    i.RCC_PLLConfig                          0x08002f78   Section        0  stm32f10x_rcc.o(i.RCC_PLLConfig)
    i.RCC_SYSCLKConfig                       0x08002f94   Section        0  stm32f10x_rcc.o(i.RCC_SYSCLKConfig)
    i.RCC_WaitForHSEStartUp                  0x08002fac   Section        0  stm32f10x_rcc.o(i.RCC_WaitForHSEStartUp)
    i.SDA_IN                                 0x08002fe4   Section        0  i2c_pro.o(i.SDA_IN)
    i.SDA_OUT                                0x08003010   Section        0  i2c_pro.o(i.SDA_OUT)
    i.SIM_IIC_CHECK_ACK                      0x0800303c   Section        0  sim_iic.o(i.SIM_IIC_CHECK_ACK)
    i.SIM_IIC_MASTER_ACK                     0x08003080   Section        0  sim_iic.o(i.SIM_IIC_MASTER_ACK)
    i.SIM_IIC_START                          0x080030bc   Section        0  sim_iic.o(i.SIM_IIC_START)
    i.SIM_IIC_STOP                           0x080030f8   Section        0  sim_iic.o(i.SIM_IIC_STOP)
    i.SIM_SCL_OUT                            0x0800312c   Section        0  sim_iic.o(i.SIM_SCL_OUT)
    i.SIM_SDA_IN                             0x08003158   Section        0  sim_iic.o(i.SIM_SDA_IN)
    i.SIM_SDA_OUT                            0x0800317c   Section        0  sim_iic.o(i.SIM_SDA_OUT)
    i.SIM_SEND_BYTE                          0x080031a8   Section        0  sim_iic.o(i.SIM_SEND_BYTE)
    i.SPI2_NRF_CONFIG                        0x0800320c   Section        0  nrf.o(i.SPI2_NRF_CONFIG)
    i.SPI2_SetSpeed                          0x08003300   Section        0  nrf.o(i.SPI2_SetSpeed)
    i.SPI2_WRByte                            0x08003328   Section        0  nrf.o(i.SPI2_WRByte)
    i.SPI_Cmd                                0x0800337c   Section        0  stm32f10x_spi.o(i.SPI_Cmd)
    i.SPI_I2S_GetFlagStatus                  0x08003394   Section        0  stm32f10x_spi.o(i.SPI_I2S_GetFlagStatus)
    i.SPI_I2S_ReceiveData                    0x080033a6   Section        0  stm32f10x_spi.o(i.SPI_I2S_ReceiveData)
    i.SPI_I2S_SendData                       0x080033ac   Section        0  stm32f10x_spi.o(i.SPI_I2S_SendData)
    i.SPI_Init                               0x080033b0   Section        0  stm32f10x_spi.o(i.SPI_Init)
    i.SVC_Handler                            0x080033ec   Section        0  stm32f10x_it.o(i.SVC_Handler)
    i.SetSysClock                            0x080033ee   Section        0  system_stm32f10x.o(i.SetSysClock)
    SetSysClock                              0x080033ef   Thumb Code     8  system_stm32f10x.o(i.SetSysClock)
    i.SetSysClockTo72                        0x080033f8   Section        0  system_stm32f10x.o(i.SetSysClockTo72)
    SetSysClockTo72                          0x080033f9   Thumb Code   214  system_stm32f10x.o(i.SetSysClockTo72)
    i.Show_Screen                            0x080034d8   Section        0  control.o(i.Show_Screen)
    i.Start_Pic                              0x080036dc   Section        0  oled.o(i.Start_Pic)
    i.Switch_Code                            0x08003710   Section        0  toggle_switch.o(i.Switch_Code)
    i.Switch_Config                          0x08003748   Section        0  toggle_switch.o(i.Switch_Config)
    i.SysTick_CLKSourceConfig                0x08003778   Section        0  misc.o(i.SysTick_CLKSourceConfig)
    i.SysTick_Handler                        0x080037a0   Section        0  stm32f10x_it.o(i.SysTick_Handler)
    i.SystemInit                             0x080037a4   Section        0  system_stm32f10x.o(i.SystemInit)
    i.TIM2_Config                            0x08003804   Section        0  control.o(i.TIM2_Config)
    i.TIM2_IRQHandler                        0x08003854   Section        0  control.o(i.TIM2_IRQHandler)
    i.TIM_ClearFlag                          0x0800387c   Section        0  stm32f10x_tim.o(i.TIM_ClearFlag)
    i.TIM_Cmd                                0x08003882   Section        0  stm32f10x_tim.o(i.TIM_Cmd)
    i.TIM_GetFlagStatus                      0x0800389a   Section        0  stm32f10x_tim.o(i.TIM_GetFlagStatus)
    i.TIM_ITConfig                           0x080038ac   Section        0  stm32f10x_tim.o(i.TIM_ITConfig)
    i.TIM_TimeBaseInit                       0x080038c0   Section        0  stm32f10x_tim.o(i.TIM_TimeBaseInit)
    i.USART1_Config                          0x08003964   Section        0  usart.o(i.USART1_Config)
    i.USART1_IRQHandler                      0x08003a10   Section        0  usart.o(i.USART1_IRQHandler)
    i.USART2_IRQHandler                      0x08003a94   Section        0  ble.o(i.USART2_IRQHandler)
    i.USART_ClearFlag                        0x08003ac8   Section        0  stm32f10x_usart.o(i.USART_ClearFlag)
    i.USART_Cmd                              0x08003ada   Section        0  stm32f10x_usart.o(i.USART_Cmd)
    i.USART_GetFlagStatus                    0x08003af2   Section        0  stm32f10x_usart.o(i.USART_GetFlagStatus)
    i.USART_ITConfig                         0x08003b0c   Section        0  stm32f10x_usart.o(i.USART_ITConfig)
    i.USART_Init                             0x08003b58   Section        0  stm32f10x_usart.o(i.USART_Init)
    i.USART_ReceiveData                      0x08003c30   Section        0  stm32f10x_usart.o(i.USART_ReceiveData)
    i.USART_SendData                         0x08003c3a   Section        0  stm32f10x_usart.o(i.USART_SendData)
    i.UsageFault_Handler                     0x08003c42   Section        0  stm32f10x_it.o(i.UsageFault_Handler)
    i.__0printf                              0x08003c48   Section        0  printfa.o(i.__0printf)
    i.__ARM_fpclassify                       0x08003c68   Section        0  fpclassify.o(i.__ARM_fpclassify)
    i.__kernel_poly                          0x08003c90   Section        0  poly.o(i.__kernel_poly)
    i.__mathlib_dbl_infnan                   0x08003d3a   Section        0  dunder.o(i.__mathlib_dbl_infnan)
    i.__mathlib_dbl_infnan2                  0x08003d40   Section        0  dunder.o(i.__mathlib_dbl_infnan2)
    i.__mathlib_dbl_invalid                  0x08003d44   Section        0  dunder.o(i.__mathlib_dbl_invalid)
    i.__mathlib_dbl_underflow                0x08003d50   Section        0  dunder.o(i.__mathlib_dbl_underflow)
    i.__scatterload_copy                     0x08003d60   Section       14  handlers.o(i.__scatterload_copy)
    i.__scatterload_null                     0x08003d6e   Section        2  handlers.o(i.__scatterload_null)
    i.__scatterload_zeroinit                 0x08003d70   Section       14  handlers.o(i.__scatterload_zeroinit)
    i.__set_errno                            0x08003d80   Section        0  errno.o(i.__set_errno)
    i._fp_digits                             0x08003d8c   Section        0  printfa.o(i._fp_digits)
    _fp_digits                               0x08003d8d   Thumb Code   366  printfa.o(i._fp_digits)
    i._printf_core                           0x08003f10   Section        0  printfa.o(i._printf_core)
    _printf_core                             0x08003f11   Thumb Code  1744  printfa.o(i._printf_core)
    i._printf_post_padding                   0x080045ec   Section        0  printfa.o(i._printf_post_padding)
    _printf_post_padding                     0x080045ed   Thumb Code    36  printfa.o(i._printf_post_padding)
    i._printf_pre_padding                    0x08004610   Section        0  printfa.o(i._printf_pre_padding)
    _printf_pre_padding                      0x08004611   Thumb Code    46  printfa.o(i._printf_pre_padding)
    i.asin                                   0x08004640   Section        0  asin.o(i.asin)
    i.atan                                   0x080048b0   Section        0  atan.o(i.atan)
    i.atan2                                  0x08004ad0   Section        0  atan2.o(i.atan2)
    i.fputc                                  0x08004c50   Section        0  usart.o(i.fputc)
    i.main                                   0x08004c74   Section        0  main.o(i.main)
    i.sqrt                                   0x08004dc8   Section        0  sqrt.o(i.sqrt)
    .constdata                               0x08004e14   Section     3102  oled.o(.constdata)
    .constdata                               0x08005a32   Section       10  nrf.o(.constdata)
    .constdata                               0x08005a40   Section       80  asin.o(.constdata)
    pS                                       0x08005a40   Data          48  asin.o(.constdata)
    qS                                       0x08005a70   Data          32  asin.o(.constdata)
    .constdata                               0x08005a90   Section      152  atan.o(.constdata)
    atanhi                                   0x08005a90   Data          32  atan.o(.constdata)
    atanlo                                   0x08005ab0   Data          32  atan.o(.constdata)
    aTodd                                    0x08005ad0   Data          40  atan.o(.constdata)
    aTeven                                   0x08005af8   Data          48  atan.o(.constdata)
    .constdata                               0x08005b28   Section        8  qnan.o(.constdata)
    .data                                    0x20000000   Section       20  system_stm32f10x.o(.data)
    .data                                    0x20000014   Section       84  mpu6050.o(.data)
    .data                                    0x20000068   Section        1  toggle_switch.o(.data)
    code                                     0x20000068   Data           1  toggle_switch.o(.data)
    .data                                    0x20000069   Section        3  key.o(.data)
    n                                        0x20000069   Data           1  key.o(.data)
    status                                   0x2000006a   Data           1  key.o(.data)
    last_val                                 0x2000006b   Data           1  key.o(.data)
    .data                                    0x2000006c   Section        1  ble.o(.data)
    temp                                     0x2000006c   Data           1  ble.o(.data)
    .data                                    0x2000006e   Section        6  led.o(.data)
    i                                        0x2000006e   Data           2  led.o(.data)
    i                                        0x20000070   Data           2  led.o(.data)
    i                                        0x20000072   Data           2  led.o(.data)
    .data                                    0x20000074   Section        8  lever.o(.data)
    .data                                    0x2000007c   Section       32  control.o(.data)
    n                                        0x20000089   Data           1  control.o(.data)
    temp                                     0x2000008a   Data           4  control.o(.data)
    temp                                     0x2000008e   Data           4  control.o(.data)
    ASC                                      0x20000092   Data           5  control.o(.data)
    temp                                     0x20000097   Data           1  control.o(.data)
    ASC                                      0x20000098   Data           4  control.o(.data)
    .data                                    0x2000009c   Section        3  delay.o(.data)
    fac_ms                                   0x2000009c   Data           2  delay.o(.data)
    fac_us                                   0x2000009e   Data           1  delay.o(.data)
    .data                                    0x200000a0   Section        2  usart.o(.data)
    .data                                    0x200000a2   Section       20  stm32f10x_rcc.o(.data)
    APBAHBPrescTable                         0x200000a2   Data          16  stm32f10x_rcc.o(.data)
    ADCPrescTable                            0x200000b2   Data           4  stm32f10x_rcc.o(.data)
    .data                                    0x200000b8   Section        4  stdout.o(.data)
    .data                                    0x200000bc   Section        4  errno.o(.data)
    _errno                                   0x200000bc   Data           4  errno.o(.data)
    .bss                                     0x200000c0   Section       28  control.o(.bss)
    temp                                     0x200000c0   Data           9  control.o(.bss)
    temp                                     0x200000c9   Data           9  control.o(.bss)
    ASC                                      0x200000d2   Data          10  control.o(.bss)
    .bss                                     0x200000dc   Section      200  usart.o(.bss)
    STACK                                    0x200001a8   Section     1024  startup_stm32f10x_md.o(STACK)

    Global Symbols

    Symbol Name                              Value     Ov Type        Size  Object(Section)

    BuildAttributes$$THM_ISAv4$P$D$K$B$S$PE$A:L22UL41UL21$X:L11$S22US41US21$IEEE1$IW$USESV6$~STKCKD$USESV7$~SHL$OTIME$ROPI$IEEEX$EBA8$MICROLIB$REQ8$PRES8$EABIv2 0x00000000   Number         0  anon$$obj.o ABSOLUTE
    __ARM_use_no_argv                        0x00000000   Number         0  main.o ABSOLUTE
    _printf_a                                0x00000000   Number         0  stubs.o ABSOLUTE
    _printf_c                                0x00000000   Number         0  stubs.o ABSOLUTE
    _printf_charcount                        0x00000000   Number         0  stubs.o ABSOLUTE
    _printf_d                                0x00000000   Number         0  stubs.o ABSOLUTE
    _printf_e                                0x00000000   Number         0  stubs.o ABSOLUTE
    _printf_f                                0x00000000   Number         0  stubs.o ABSOLUTE
    _printf_flags                            0x00000000   Number         0  stubs.o ABSOLUTE
    _printf_fp_dec                           0x00000000   Number         0  stubs.o ABSOLUTE
    _printf_fp_hex                           0x00000000   Number         0  stubs.o ABSOLUTE
    _printf_g                                0x00000000   Number         0  stubs.o ABSOLUTE
    _printf_i                                0x00000000   Number         0  stubs.o ABSOLUTE
    _printf_int_dec                          0x00000000   Number         0  stubs.o ABSOLUTE
    _printf_l                                0x00000000   Number         0  stubs.o ABSOLUTE
    _printf_lc                               0x00000000   Number         0  stubs.o ABSOLUTE
    _printf_ll                               0x00000000   Number         0  stubs.o ABSOLUTE
    _printf_lld                              0x00000000   Number         0  stubs.o ABSOLUTE
    _printf_lli                              0x00000000   Number         0  stubs.o ABSOLUTE
    _printf_llo                              0x00000000   Number         0  stubs.o ABSOLUTE
    _printf_llu                              0x00000000   Number         0  stubs.o ABSOLUTE
    _printf_llx                              0x00000000   Number         0  stubs.o ABSOLUTE
    _printf_longlong_dec                     0x00000000   Number         0  stubs.o ABSOLUTE
    _printf_longlong_hex                     0x00000000   Number         0  stubs.o ABSOLUTE
    _printf_longlong_oct                     0x00000000   Number         0  stubs.o ABSOLUTE
    _printf_ls                               0x00000000   Number         0  stubs.o ABSOLUTE
    _printf_mbtowc                           0x00000000   Number         0  stubs.o ABSOLUTE
    _printf_n                                0x00000000   Number         0  stubs.o ABSOLUTE
    _printf_o                                0x00000000   Number         0  stubs.o ABSOLUTE
    _printf_p                                0x00000000   Number         0  stubs.o ABSOLUTE
    _printf_percent                          0x00000000   Number         0  stubs.o ABSOLUTE
    _printf_pre_padding                      0x00000000   Number         0  stubs.o ABSOLUTE
    _printf_return_value                     0x00000000   Number         0  stubs.o ABSOLUTE
    _printf_s                                0x00000000   Number         0  stubs.o ABSOLUTE
    _printf_sizespec                         0x00000000   Number         0  stubs.o ABSOLUTE
    _printf_str                              0x00000000   Number         0  stubs.o ABSOLUTE
    _printf_truncate_signed                  0x00000000   Number         0  stubs.o ABSOLUTE
    _printf_truncate_unsigned                0x00000000   Number         0  stubs.o ABSOLUTE
    _printf_u                                0x00000000   Number         0  stubs.o ABSOLUTE
    _printf_wc                               0x00000000   Number         0  stubs.o ABSOLUTE
    _printf_wctomb                           0x00000000   Number         0  stubs.o ABSOLUTE
    _printf_widthprec                        0x00000000   Number         0  stubs.o ABSOLUTE
    _printf_x                                0x00000000   Number         0  stubs.o ABSOLUTE
    __cpp_initialize__aeabi_                  - Undefined Weak Reference
    __cxa_finalize                            - Undefined Weak Reference
    __decompress                              - Undefined Weak Reference
    _clock_init                               - Undefined Weak Reference
    _microlib_exit                            - Undefined Weak Reference
    __Vectors_Size                           0x000000ec   Number         0  startup_stm32f10x_md.o ABSOLUTE
    __Vectors                                0x08000000   Data           4  startup_stm32f10x_md.o(RESET)
    __Vectors_End                            0x080000ec   Data           0  startup_stm32f10x_md.o(RESET)
    __main                                   0x080000ed   Thumb Code     0  entry.o(.ARM.Collect$$$$00000000)
    _main_stk                                0x080000ed   Thumb Code     0  entry2.o(.ARM.Collect$$$$00000001)
    _main_scatterload                        0x080000f1   Thumb Code     0  entry5.o(.ARM.Collect$$$$00000004)
    __main_after_scatterload                 0x080000f5   Thumb Code     0  entry5.o(.ARM.Collect$$$$00000004)
    _main_clock                              0x080000f5   Thumb Code     0  entry7b.o(.ARM.Collect$$$$00000008)
    _main_cpp_init                           0x080000f5   Thumb Code     0  entry8b.o(.ARM.Collect$$$$0000000A)
    _main_init                               0x080000f5   Thumb Code     0  entry9a.o(.ARM.Collect$$$$0000000B)
    __rt_final_cpp                           0x080000fd   Thumb Code     0  entry10a.o(.ARM.Collect$$$$0000000D)
    __rt_final_exit                          0x080000fd   Thumb Code     0  entry11a.o(.ARM.Collect$$$$0000000F)
    Reset_Handler                            0x08000101   Thumb Code     8  startup_stm32f10x_md.o(.text)
    ADC1_2_IRQHandler                        0x0800011b   Thumb Code     0  startup_stm32f10x_md.o(.text)
    CAN1_RX1_IRQHandler                      0x0800011b   Thumb Code     0  startup_stm32f10x_md.o(.text)
    CAN1_SCE_IRQHandler                      0x0800011b   Thumb Code     0  startup_stm32f10x_md.o(.text)
    DMA1_Channel1_IRQHandler                 0x0800011b   Thumb Code     0  startup_stm32f10x_md.o(.text)
    DMA1_Channel2_IRQHandler                 0x0800011b   Thumb Code     0  startup_stm32f10x_md.o(.text)
    DMA1_Channel3_IRQHandler                 0x0800011b   Thumb Code     0  startup_stm32f10x_md.o(.text)
    DMA1_Channel4_IRQHandler                 0x0800011b   Thumb Code     0  startup_stm32f10x_md.o(.text)
    DMA1_Channel5_IRQHandler                 0x0800011b   Thumb Code     0  startup_stm32f10x_md.o(.text)
    DMA1_Channel6_IRQHandler                 0x0800011b   Thumb Code     0  startup_stm32f10x_md.o(.text)
    DMA1_Channel7_IRQHandler                 0x0800011b   Thumb Code     0  startup_stm32f10x_md.o(.text)
    EXTI0_IRQHandler                         0x0800011b   Thumb Code     0  startup_stm32f10x_md.o(.text)
    EXTI15_10_IRQHandler                     0x0800011b   Thumb Code     0  startup_stm32f10x_md.o(.text)
    EXTI1_IRQHandler                         0x0800011b   Thumb Code     0  startup_stm32f10x_md.o(.text)
    EXTI2_IRQHandler                         0x0800011b   Thumb Code     0  startup_stm32f10x_md.o(.text)
    EXTI3_IRQHandler                         0x0800011b   Thumb Code     0  startup_stm32f10x_md.o(.text)
    EXTI4_IRQHandler                         0x0800011b   Thumb Code     0  startup_stm32f10x_md.o(.text)
    EXTI9_5_IRQHandler                       0x0800011b   Thumb Code     0  startup_stm32f10x_md.o(.text)
    FLASH_IRQHandler                         0x0800011b   Thumb Code     0  startup_stm32f10x_md.o(.text)
    I2C1_ER_IRQHandler                       0x0800011b   Thumb Code     0  startup_stm32f10x_md.o(.text)
    I2C1_EV_IRQHandler                       0x0800011b   Thumb Code     0  startup_stm32f10x_md.o(.text)
    I2C2_ER_IRQHandler                       0x0800011b   Thumb Code     0  startup_stm32f10x_md.o(.text)
    I2C2_EV_IRQHandler                       0x0800011b   Thumb Code     0  startup_stm32f10x_md.o(.text)
    PVD_IRQHandler                           0x0800011b   Thumb Code     0  startup_stm32f10x_md.o(.text)
    RCC_IRQHandler                           0x0800011b   Thumb Code     0  startup_stm32f10x_md.o(.text)
    RTCAlarm_IRQHandler                      0x0800011b   Thumb Code     0  startup_stm32f10x_md.o(.text)
    RTC_IRQHandler                           0x0800011b   Thumb Code     0  startup_stm32f10x_md.o(.text)
    SPI1_IRQHandler                          0x0800011b   Thumb Code     0  startup_stm32f10x_md.o(.text)
    SPI2_IRQHandler                          0x0800011b   Thumb Code     0  startup_stm32f10x_md.o(.text)
    TAMPER_IRQHandler                        0x0800011b   Thumb Code     0  startup_stm32f10x_md.o(.text)
    TIM1_BRK_IRQHandler                      0x0800011b   Thumb Code     0  startup_stm32f10x_md.o(.text)
    TIM1_CC_IRQHandler                       0x0800011b   Thumb Code     0  startup_stm32f10x_md.o(.text)
    TIM1_TRG_COM_IRQHandler                  0x0800011b   Thumb Code     0  startup_stm32f10x_md.o(.text)
    TIM1_UP_IRQHandler                       0x0800011b   Thumb Code     0  startup_stm32f10x_md.o(.text)
    TIM3_IRQHandler                          0x0800011b   Thumb Code     0  startup_stm32f10x_md.o(.text)
    TIM4_IRQHandler                          0x0800011b   Thumb Code     0  startup_stm32f10x_md.o(.text)
    USART3_IRQHandler                        0x0800011b   Thumb Code     0  startup_stm32f10x_md.o(.text)
    USBWakeUp_IRQHandler                     0x0800011b   Thumb Code     0  startup_stm32f10x_md.o(.text)
    USB_HP_CAN1_TX_IRQHandler                0x0800011b   Thumb Code     0  startup_stm32f10x_md.o(.text)
    USB_LP_CAN1_RX0_IRQHandler               0x0800011b   Thumb Code     0  startup_stm32f10x_md.o(.text)
    WWDG_IRQHandler                          0x0800011b   Thumb Code     0  startup_stm32f10x_md.o(.text)
    __aeabi_fadd                             0x08000125   Thumb Code   164  fadd.o(.text)
    __aeabi_fsub                             0x080001c9   Thumb Code     6  fadd.o(.text)
    __aeabi_frsub                            0x080001cf   Thumb Code     6  fadd.o(.text)
    __aeabi_fmul                             0x080001d5   Thumb Code   100  fmul.o(.text)
    __aeabi_fdiv                             0x08000239   Thumb Code   124  fdiv.o(.text)
    __aeabi_dmul                             0x080002b5   Thumb Code   228  dmul.o(.text)
    __aeabi_ddiv                             0x08000399   Thumb Code   222  ddiv.o(.text)
    __aeabi_i2f                              0x08000477   Thumb Code    18  fflti.o(.text)
    __aeabi_f2uiz                            0x08000489   Thumb Code    40  ffixui.o(.text)
    __aeabi_f2d                              0x080004b1   Thumb Code    38  f2d.o(.text)
    __aeabi_d2f                              0x080004d7   Thumb Code    56  d2f.o(.text)
    __aeabi_uidiv                            0x0800050f   Thumb Code     0  uidiv.o(.text)
    __aeabi_uidivmod                         0x0800050f   Thumb Code    44  uidiv.o(.text)
    __aeabi_uldivmod                         0x0800053b   Thumb Code    98  uldiv.o(.text)
    __I$use$fp                               0x0800059d   Thumb Code     0  iusefp.o(.text)
    _float_round                             0x0800059d   Thumb Code    18  fepilogue.o(.text)
    _float_epilogue                          0x080005af   Thumb Code    92  fepilogue.o(.text)
    _double_round                            0x0800060b   Thumb Code    30  depilogue.o(.text)
    _double_epilogue                         0x08000629   Thumb Code   156  depilogue.o(.text)
    __aeabi_dadd                             0x080006c5   Thumb Code   322  dadd.o(.text)
    __aeabi_dsub                             0x08000807   Thumb Code     6  dadd.o(.text)
    __aeabi_drsub                            0x0800080d   Thumb Code     6  dadd.o(.text)
    __ARM_scalbn                             0x08000813   Thumb Code    46  dscalb.o(.text)
    scalbn                                   0x08000813   Thumb Code     0  dscalb.o(.text)
    _dsqrt                                   0x08000841   Thumb Code   162  dsqrt.o(.text)
    __aeabi_d2ulz                            0x080008e3   Thumb Code    48  dfixul.o(.text)
    __aeabi_cdrcmple                         0x08000915   Thumb Code    48  cdrcmple.o(.text)
    __scatterload                            0x08000945   Thumb Code    28  init.o(.text)
    __scatterload_rt2                        0x08000945   Thumb Code     0  init.o(.text)
    __aeabi_llsl                             0x08000969   Thumb Code    30  llshl.o(.text)
    _ll_shift_l                              0x08000969   Thumb Code     0  llshl.o(.text)
    __aeabi_llsr                             0x08000987   Thumb Code    32  llushr.o(.text)
    _ll_ushift_r                             0x08000987   Thumb Code     0  llushr.o(.text)
    __aeabi_lasr                             0x080009a7   Thumb Code    36  llsshr.o(.text)
    _ll_sshift_r                             0x080009a7   Thumb Code     0  llsshr.o(.text)
    ADC_Cmd                                  0x080009cb   Thumb Code    22  stm32f10x_adc.o(i.ADC_Cmd)
    ADC_DMACmd                               0x080009e1   Thumb Code    22  stm32f10x_adc.o(i.ADC_DMACmd)
    ADC_GetCalibrationStatus                 0x080009f7   Thumb Code    20  stm32f10x_adc.o(i.ADC_GetCalibrationStatus)
    ADC_GetResetCalibrationStatus            0x08000a0b   Thumb Code    20  stm32f10x_adc.o(i.ADC_GetResetCalibrationStatus)
    ADC_Init                                 0x08000a21   Thumb Code    70  stm32f10x_adc.o(i.ADC_Init)
    ADC_RegularChannelConfig                 0x08000a71   Thumb Code   184  stm32f10x_adc.o(i.ADC_RegularChannelConfig)
    ADC_ResetCalibration                     0x08000b29   Thumb Code    10  stm32f10x_adc.o(i.ADC_ResetCalibration)
    ADC_StartCalibration                     0x08000b33   Thumb Code    10  stm32f10x_adc.o(i.ADC_StartCalibration)
    BLE_Config                               0x08000b3d   Thumb Code   140  ble.o(i.BLE_Config)
    BLE_NRF                                  0x08000bd1   Thumb Code   210  control.o(i.BLE_NRF)
    BLE_Rx                                   0x08000cbd   Thumb Code    32  ble.o(i.BLE_Rx)
    BLE_Tx                                   0x08000ce1   Thumb Code    32  ble.o(i.BLE_Tx)
    Beep_Config                              0x08000d05   Thumb Code    46  beep.o(i.Beep_Config)
    BusFault_Handler                         0x08000d3d   Thumb Code     4  stm32f10x_it.o(i.BusFault_Handler)
    Control_Lever_Config                     0x08000d41   Thumb Code   282  lever.o(i.Control_Lever_Config)
    DATA_Task                                0x08000e71   Thumb Code   758  control.o(i.DATA_Task)
    DMA_Cmd                                  0x08001179   Thumb Code    24  stm32f10x_dma.o(i.DMA_Cmd)
    DMA_Init                                 0x08001191   Thumb Code    60  stm32f10x_dma.o(i.DMA_Init)
    Data2Value                               0x080011cd   Thumb Code   200  mpu6050.o(i.Data2Value)
    DebugMon_Handler                         0x080012a1   Thumb Code     2  stm32f10x_it.o(i.DebugMon_Handler)
    Delay_Config                             0x080012a5   Thumb Code    50  delay.o(i.Delay_Config)
    Delay_ms                                 0x080012e9   Thumb Code    72  delay.o(i.Delay_ms)
    Delay_us                                 0x08001335   Thumb Code    72  delay.o(i.Delay_us)
    GPIO_Init                                0x08001381   Thumb Code   278  stm32f10x_gpio.o(i.GPIO_Init)
    GPIO_PinRemapConfig                      0x08001499   Thumb Code   138  stm32f10x_gpio.o(i.GPIO_PinRemapConfig)
    GPIO_ReadInputDataBit                    0x08001529   Thumb Code    18  stm32f10x_gpio.o(i.GPIO_ReadInputDataBit)
    GPIO_ReadOutputDataBit                   0x0800153b   Thumb Code    18  stm32f10x_gpio.o(i.GPIO_ReadOutputDataBit)
    GPIO_ResetBits                           0x0800154d   Thumb Code     4  stm32f10x_gpio.o(i.GPIO_ResetBits)
    GPIO_SetBits                             0x08001551   Thumb Code     4  stm32f10x_gpio.o(i.GPIO_SetBits)
    Get_Key                                  0x08001555   Thumb Code   128  key.o(i.Get_Key)
    HardFault_Handler                        0x080015e1   Thumb Code     4  stm32f10x_it.o(i.HardFault_Handler)
    I2C_Check_Ack                            0x080015e5   Thumb Code    84  i2c_pro.o(i.I2C_Check_Ack)
    I2C_GPIO_Config                          0x0800163d   Thumb Code    60  i2c_pro.o(i.I2C_GPIO_Config)
    I2C_Master_Ack                           0x0800167d   Thumb Code    80  i2c_pro.o(i.I2C_Master_Ack)
    I2C_ReadByte                             0x080016d1   Thumb Code    90  i2c_pro.o(i.I2C_ReadByte)
    I2C_Read_16                              0x08001731   Thumb Code    74  i2c_pro.o(i.I2C_Read_16)
    I2C_Read_Data                            0x0800177b   Thumb Code    62  i2c_pro.o(i.I2C_Read_Data)
    I2C_SendByte                             0x080017b9   Thumb Code   112  i2c_pro.o(i.I2C_SendByte)
    I2C_Send_Data                            0x0800182d   Thumb Code    46  i2c_pro.o(i.I2C_Send_Data)
    I2C_Start                                0x0800185d   Thumb Code    60  i2c_pro.o(i.I2C_Start)
    I2C_Stop                                 0x0800189d   Thumb Code    50  i2c_pro.o(i.I2C_Stop)
    IMU_Update                               0x080018d5   Thumb Code  1872  mpu6050.o(i.IMU_Update)
    Key_Config                               0x08002039   Thumb Code    78  key.o(i.Key_Config)
    Key_Scan                                 0x08002095   Thumb Code   122  key.o(i.Key_Scan)
    LED1_Set                                 0x08002125   Thumb Code    60  led.o(i.LED1_Set)
    LED2_Set                                 0x08002169   Thumb Code    60  led.o(i.LED2_Set)
    LED3_Set                                 0x080021ad   Thumb Code    60  led.o(i.LED3_Set)
    LED_Config                               0x080021f1   Thumb Code    54  led.o(i.LED_Config)
    LEV_BLE                                  0x08002239   Thumb Code    80  control.o(i.LEV_BLE)
    LEV_NRF                                  0x08002295   Thumb Code   128  control.o(i.LEV_NRF)
    MPU6050_Init                             0x08002325   Thumb Code   108  mpu6050.o(i.MPU6050_Init)
    MPU_BLE                                  0x080023e5   Thumb Code   176  control.o(i.MPU_BLE)
    MPU_NRF                                  0x080024a1   Thumb Code   228  control.o(i.MPU_NRF)
    MemManage_Handler                        0x08002595   Thumb Code     4  stm32f10x_it.o(i.MemManage_Handler)
    NMI_Handler                              0x08002599   Thumb Code     2  stm32f10x_it.o(i.NMI_Handler)
    NRF_BLE                                  0x0800259d   Thumb Code   144  control.o(i.NRF_BLE)
    NRF_Check                                0x08002631   Thumb Code    72  nrf.o(i.NRF_Check)
    NRF_RBuf                                 0x08002681   Thumb Code    56  nrf.o(i.NRF_RBuf)
    NRF_RReg                                 0x080026bd   Thumb Code    36  nrf.o(i.NRF_RReg)
    NRF_RX_Mode                              0x080026e9   Thumb Code    76  nrf.o(i.NRF_RX_Mode)
    NRF_RxPacket                             0x08002741   Thumb Code    58  nrf.o(i.NRF_RxPacket)
    NRF_TxPacket                             0x0800277d   Thumb Code    94  nrf.o(i.NRF_TxPacket)
    NRF_Tx_Mode                              0x080027e5   Thumb Code    86  nrf.o(i.NRF_Tx_Mode)
    NRF_WBuf                                 0x0800284d   Thumb Code    56  nrf.o(i.NRF_WBuf)
    NRF_WReg                                 0x08002889   Thumb Code    38  nrf.o(i.NRF_WReg)
    NVIC_Config                              0x080028b9   Thumb Code    42  sys.o(i.NVIC_Config)
    NVIC_Init                                0x080028e5   Thumb Code   100  misc.o(i.NVIC_Init)
    NVIC_PriorityGroupConfig                 0x08002955   Thumb Code    10  misc.o(i.NVIC_PriorityGroupConfig)
    OLED_Area_Clear                          0x08002969   Thumb Code    56  oled.o(i.OLED_Area_Clear)
    OLED_C6X8                                0x080029a1   Thumb Code    58  oled.o(i.OLED_C6X8)
    OLED_C8X16                               0x080029e1   Thumb Code    82  oled.o(i.OLED_C8X16)
    OLED_CMD                                 0x08002a39   Thumb Code    46  oled.o(i.OLED_CMD)
    OLED_Clear                               0x08002a67   Thumb Code    56  oled.o(i.OLED_Clear)
    OLED_DATA                                0x08002a9f   Thumb Code    46  oled.o(i.OLED_DATA)
    OLED_Init                                0x08002acd   Thumb Code   178  oled.o(i.OLED_Init)
    OLED_PIC                                 0x08002b7f   Thumb Code    66  oled.o(i.OLED_PIC)
    OLED_Pos                                 0x08002bc1   Thumb Code   124  oled.o(i.OLED_Pos)
    OLED_S6X8                                0x08002c3d   Thumb Code    52  oled.o(i.OLED_S6X8)
    OLED_S8X16                               0x08002c71   Thumb Code    42  oled.o(i.OLED_S8X16)
    PendSV_Handler                           0x08002c9b   Thumb Code     2  stm32f10x_it.o(i.PendSV_Handler)
    RCC_ADCCLKConfig                         0x08002c9d   Thumb Code    18  stm32f10x_rcc.o(i.RCC_ADCCLKConfig)
    RCC_AHBPeriphClockCmd                    0x08002cb5   Thumb Code    26  stm32f10x_rcc.o(i.RCC_AHBPeriphClockCmd)
    RCC_APB1PeriphClockCmd                   0x08002cd5   Thumb Code    26  stm32f10x_rcc.o(i.RCC_APB1PeriphClockCmd)
    RCC_APB2PeriphClockCmd                   0x08002cf5   Thumb Code    26  stm32f10x_rcc.o(i.RCC_APB2PeriphClockCmd)
    RCC_Config                               0x08002d15   Thumb Code    88  sys.o(i.RCC_Config)
    RCC_DeInit                               0x08002d6d   Thumb Code    64  stm32f10x_rcc.o(i.RCC_DeInit)
    RCC_GetClocksFreq                        0x08002db9   Thumb Code   192  stm32f10x_rcc.o(i.RCC_GetClocksFreq)
    RCC_GetFlagStatus                        0x08002e8d   Thumb Code    56  stm32f10x_rcc.o(i.RCC_GetFlagStatus)
    RCC_GetSYSCLKSource                      0x08002ec9   Thumb Code    10  stm32f10x_rcc.o(i.RCC_GetSYSCLKSource)
    RCC_HCLKConfig                           0x08002ed9   Thumb Code    18  stm32f10x_rcc.o(i.RCC_HCLKConfig)
    RCC_HSEConfig                            0x08002ef1   Thumb Code    70  stm32f10x_rcc.o(i.RCC_HSEConfig)
    RCC_PCLK1Config                          0x08002f3d   Thumb Code    18  stm32f10x_rcc.o(i.RCC_PCLK1Config)
    RCC_PCLK2Config                          0x08002f55   Thumb Code    20  stm32f10x_rcc.o(i.RCC_PCLK2Config)
    RCC_PLLCmd                               0x08002f6d   Thumb Code     6  stm32f10x_rcc.o(i.RCC_PLLCmd)
    RCC_PLLConfig                            0x08002f79   Thumb Code    24  stm32f10x_rcc.o(i.RCC_PLLConfig)
    RCC_SYSCLKConfig                         0x08002f95   Thumb Code    18  stm32f10x_rcc.o(i.RCC_SYSCLKConfig)
    RCC_WaitForHSEStartUp                    0x08002fad   Thumb Code    56  stm32f10x_rcc.o(i.RCC_WaitForHSEStartUp)
    SDA_IN                                   0x08002fe5   Thumb Code    40  i2c_pro.o(i.SDA_IN)
    SDA_OUT                                  0x08003011   Thumb Code    40  i2c_pro.o(i.SDA_OUT)
    SIM_IIC_CHECK_ACK                        0x0800303d   Thumb Code    62  sim_iic.o(i.SIM_IIC_CHECK_ACK)
    SIM_IIC_MASTER_ACK                       0x08003081   Thumb Code    56  sim_iic.o(i.SIM_IIC_MASTER_ACK)
    SIM_IIC_START                            0x080030bd   Thumb Code    56  sim_iic.o(i.SIM_IIC_START)
    SIM_IIC_STOP                             0x080030f9   Thumb Code    48  sim_iic.o(i.SIM_IIC_STOP)
    SIM_SCL_OUT                              0x0800312d   Thumb Code    38  sim_iic.o(i.SIM_SCL_OUT)
    SIM_SDA_IN                               0x08003159   Thumb Code    32  sim_iic.o(i.SIM_SDA_IN)
    SIM_SDA_OUT                              0x0800317d   Thumb Code    38  sim_iic.o(i.SIM_SDA_OUT)
    SIM_SEND_BYTE                            0x080031a9   Thumb Code    94  sim_iic.o(i.SIM_SEND_BYTE)
    SPI2_NRF_CONFIG                          0x0800320d   Thumb Code   224  nrf.o(i.SPI2_NRF_CONFIG)
    SPI2_SetSpeed                            0x08003301   Thumb Code    36  nrf.o(i.SPI2_SetSpeed)
    SPI2_WRByte                              0x08003329   Thumb Code    78  nrf.o(i.SPI2_WRByte)
    SPI_Cmd                                  0x0800337d   Thumb Code    24  stm32f10x_spi.o(i.SPI_Cmd)
    SPI_I2S_GetFlagStatus                    0x08003395   Thumb Code    18  stm32f10x_spi.o(i.SPI_I2S_GetFlagStatus)
    SPI_I2S_ReceiveData                      0x080033a7   Thumb Code     6  stm32f10x_spi.o(i.SPI_I2S_ReceiveData)
    SPI_I2S_SendData                         0x080033ad   Thumb Code     4  stm32f10x_spi.o(i.SPI_I2S_SendData)
    SPI_Init                                 0x080033b1   Thumb Code    60  stm32f10x_spi.o(i.SPI_Init)
    SVC_Handler                              0x080033ed   Thumb Code     2  stm32f10x_it.o(i.SVC_Handler)
    Show_Screen                              0x080034d9   Thumb Code   412  control.o(i.Show_Screen)
    Start_Pic                                0x080036dd   Thumb Code    46  oled.o(i.Start_Pic)
    Switch_Code                              0x08003711   Thumb Code    42  toggle_switch.o(i.Switch_Code)
    Switch_Config                            0x08003749   Thumb Code    40  toggle_switch.o(i.Switch_Config)
    SysTick_CLKSourceConfig                  0x08003779   Thumb Code    40  misc.o(i.SysTick_CLKSourceConfig)
    SysTick_Handler                          0x080037a1   Thumb Code     2  stm32f10x_it.o(i.SysTick_Handler)
    SystemInit                               0x080037a5   Thumb Code    78  system_stm32f10x.o(i.SystemInit)
    TIM2_Config                              0x08003805   Thumb Code    80  control.o(i.TIM2_Config)
    TIM2_IRQHandler                          0x08003855   Thumb Code    34  control.o(i.TIM2_IRQHandler)
    TIM_ClearFlag                            0x0800387d   Thumb Code     6  stm32f10x_tim.o(i.TIM_ClearFlag)
    TIM_Cmd                                  0x08003883   Thumb Code    24  stm32f10x_tim.o(i.TIM_Cmd)
    TIM_GetFlagStatus                        0x0800389b   Thumb Code    18  stm32f10x_tim.o(i.TIM_GetFlagStatus)
    TIM_ITConfig                             0x080038ad   Thumb Code    18  stm32f10x_tim.o(i.TIM_ITConfig)
    TIM_TimeBaseInit                         0x080038c1   Thumb Code   122  stm32f10x_tim.o(i.TIM_TimeBaseInit)
    USART1_Config                            0x08003965   Thumb Code   164  usart.o(i.USART1_Config)
    USART1_IRQHandler                        0x08003a11   Thumb Code   118  usart.o(i.USART1_IRQHandler)
    USART2_IRQHandler                        0x08003a95   Thumb Code    32  ble.o(i.USART2_IRQHandler)
    USART_ClearFlag                          0x08003ac9   Thumb Code    18  stm32f10x_usart.o(i.USART_ClearFlag)
    USART_Cmd                                0x08003adb   Thumb Code    24  stm32f10x_usart.o(i.USART_Cmd)
    USART_GetFlagStatus                      0x08003af3   Thumb Code    26  stm32f10x_usart.o(i.USART_GetFlagStatus)
    USART_ITConfig                           0x08003b0d   Thumb Code    74  stm32f10x_usart.o(i.USART_ITConfig)
    USART_Init                               0x08003b59   Thumb Code   210  stm32f10x_usart.o(i.USART_Init)
    USART_ReceiveData                        0x08003c31   Thumb Code    10  stm32f10x_usart.o(i.USART_ReceiveData)
    USART_SendData                           0x08003c3b   Thumb Code     8  stm32f10x_usart.o(i.USART_SendData)
    UsageFault_Handler                       0x08003c43   Thumb Code     4  stm32f10x_it.o(i.UsageFault_Handler)
    __0printf                                0x08003c49   Thumb Code    22  printfa.o(i.__0printf)
    __1printf                                0x08003c49   Thumb Code     0  printfa.o(i.__0printf)
    __2printf                                0x08003c49   Thumb Code     0  printfa.o(i.__0printf)
    __c89printf                              0x08003c49   Thumb Code     0  printfa.o(i.__0printf)
    printf                                   0x08003c49   Thumb Code     0  printfa.o(i.__0printf)
    __ARM_fpclassify                         0x08003c69   Thumb Code    40  fpclassify.o(i.__ARM_fpclassify)
    __kernel_poly                            0x08003c91   Thumb Code   170  poly.o(i.__kernel_poly)
    __mathlib_dbl_infnan                     0x08003d3b   Thumb Code     6  dunder.o(i.__mathlib_dbl_infnan)
    __mathlib_dbl_infnan2                    0x08003d41   Thumb Code     4  dunder.o(i.__mathlib_dbl_infnan2)
    __mathlib_dbl_invalid                    0x08003d45   Thumb Code    12  dunder.o(i.__mathlib_dbl_invalid)
    __mathlib_dbl_underflow                  0x08003d51   Thumb Code    10  dunder.o(i.__mathlib_dbl_underflow)
    __scatterload_copy                       0x08003d61   Thumb Code    14  handlers.o(i.__scatterload_copy)
    __scatterload_null                       0x08003d6f   Thumb Code     2  handlers.o(i.__scatterload_null)
    __scatterload_zeroinit                   0x08003d71   Thumb Code    14  handlers.o(i.__scatterload_zeroinit)
    __set_errno                              0x08003d81   Thumb Code     6  errno.o(i.__set_errno)
    asin                                     0x08004641   Thumb Code   572  asin.o(i.asin)
    atan                                     0x080048b1   Thumb Code   474  atan.o(i.atan)
    atan2                                    0x08004ad1   Thumb Code   346  atan2.o(i.atan2)
    fputc                                    0x08004c51   Thumb Code    32  usart.o(i.fputc)
    main                                     0x08004c75   Thumb Code   318  main.o(i.main)
    sqrt                                     0x08004dc9   Thumb Code    76  sqrt.o(i.sqrt)
    F6X8                                     0x08004e14   Data         558  oled.o(.constdata)
    F8X16                                    0x08005042   Data        1520  oled.o(.constdata)
    KISS                                     0x08005632   Data        1024  oled.o(.constdata)
    TX_ADDRESS                               0x08005a32   Data           5  nrf.o(.constdata)
    RX_ADDRESS                               0x08005a37   Data           5  nrf.o(.constdata)
    __mathlib_zero                           0x08005b28   Data           8  qnan.o(.constdata)
    Region$$Table$$Base                      0x08005b30   Number         0  anon$$obj.o(Region$$Table)
    Region$$Table$$Limit                     0x08005b50   Number         0  anon$$obj.o(Region$$Table)
    SystemCoreClock                          0x20000000   Data           4  system_stm32f10x.o(.data)
    AHBPrescTable                            0x20000004   Data          16  system_stm32f10x.o(.data)
    IMU                                      0x20000014   Data          64  mpu6050.o(.data)
    MPU_Value                                0x20000054   Data           6  mpu6050.o(.data)
    exInt                                    0x2000005c   Data           4  mpu6050.o(.data)
    eyInt                                    0x20000060   Data           4  mpu6050.o(.data)
    ezInt                                    0x20000064   Data           4  mpu6050.o(.data)
    AD_Value                                 0x20000074   Data           8  lever.o(.data)
    ASCII                                    0x2000007c   Data          10  control.o(.data)
    Flag                                     0x20000086   Data           1  control.o(.data)
    Key_Val                                  0x20000087   Data           1  control.o(.data)
    bit_k                                    0x20000088   Data           1  control.o(.data)
    USART_RX_STA                             0x200000a0   Data           2  usart.o(.data)
    __stdout                                 0x200000b8   Data           4  stdout.o(.data)
    USART_RX_BUF                             0x200000dc   Data         200  usart.o(.bss)
    __initial_sp                             0x200005a8   Data           0  startup_stm32f10x_md.o(STACK)



==============================================================================

Memory Map of the image

  Image Entry point : 0x080000ed

  Load Region LR_IROM1 (Base: 0x08000000, Size: 0x00005c10, Max: 0x00010000, ABSOLUTE)

    Execution Region ER_IROM1 (Base: 0x08000000, Size: 0x00005b50, Max: 0x00010000, ABSOLUTE)

    Base Addr    Size         Type   Attr      Idx    E Section Name        Object

    0x08000000   0x000000ec   Data   RO            3    RESET               startup_stm32f10x_md.o
    0x080000ec   0x00000000   Code   RO         4013  * .ARM.Collect$$$$00000000  mc_w.l(entry.o)
    0x080000ec   0x00000004   Code   RO         4326    .ARM.Collect$$$$00000001  mc_w.l(entry2.o)
    0x080000f0   0x00000004   Code   RO         4329    .ARM.Collect$$$$00000004  mc_w.l(entry5.o)
    0x080000f4   0x00000000   Code   RO         4331    .ARM.Collect$$$$00000008  mc_w.l(entry7b.o)
    0x080000f4   0x00000000   Code   RO         4333    .ARM.Collect$$$$0000000A  mc_w.l(entry8b.o)
    0x080000f4   0x00000008   Code   RO         4334    .ARM.Collect$$$$0000000B  mc_w.l(entry9a.o)
    0x080000fc   0x00000000   Code   RO         4336    .ARM.Collect$$$$0000000D  mc_w.l(entry10a.o)
    0x080000fc   0x00000000   Code   RO         4338    .ARM.Collect$$$$0000000F  mc_w.l(entry11a.o)
    0x080000fc   0x00000004   Code   RO         4327    .ARM.Collect$$$$00002712  mc_w.l(entry2.o)
    0x08000100   0x00000024   Code   RO            4    .text               startup_stm32f10x_md.o
    0x08000124   0x000000b0   Code   RO         4277    .text               mf_w.l(fadd.o)
    0x080001d4   0x00000064   Code   RO         4279    .text               mf_w.l(fmul.o)
    0x08000238   0x0000007c   Code   RO         4281    .text               mf_w.l(fdiv.o)
    0x080002b4   0x000000e4   Code   RO         4283    .text               mf_w.l(dmul.o)
    0x08000398   0x000000de   Code   RO         4285    .text               mf_w.l(ddiv.o)
    0x08000476   0x00000012   Code   RO         4287    .text               mf_w.l(fflti.o)
    0x08000488   0x00000028   Code   RO         4291    .text               mf_w.l(ffixui.o)
    0x080004b0   0x00000026   Code   RO         4293    .text               mf_w.l(f2d.o)
    0x080004d6   0x00000038   Code   RO         4295    .text               mf_w.l(d2f.o)
    0x0800050e   0x0000002c   Code   RO         4341    .text               mc_w.l(uidiv.o)
    0x0800053a   0x00000062   Code   RO         4343    .text               mc_w.l(uldiv.o)
    0x0800059c   0x00000000   Code   RO         4352    .text               mc_w.l(iusefp.o)
    0x0800059c   0x0000006e   Code   RO         4353    .text               mf_w.l(fepilogue.o)
    0x0800060a   0x000000ba   Code   RO         4355    .text               mf_w.l(depilogue.o)
    0x080006c4   0x0000014e   Code   RO         4357    .text               mf_w.l(dadd.o)
    0x08000812   0x0000002e   Code   RO         4359    .text               mf_w.l(dscalb.o)
    0x08000840   0x000000a2   Code   RO         4361    .text               mf_w.l(dsqrt.o)
    0x080008e2   0x00000030   Code   RO         4363    .text               mf_w.l(dfixul.o)
    0x08000912   0x00000002   PAD
    0x08000914   0x00000030   Code   RO         4367    .text               mf_w.l(cdrcmple.o)
    0x08000944   0x00000024   Code   RO         4369    .text               mc_w.l(init.o)
    0x08000968   0x0000001e   Code   RO         4371    .text               mc_w.l(llshl.o)
    0x08000986   0x00000020   Code   RO         4373    .text               mc_w.l(llushr.o)
    0x080009a6   0x00000024   Code   RO         4375    .text               mc_w.l(llsshr.o)
    0x080009ca   0x00000016   Code   RO         1062    i.ADC_Cmd           stm32f10x_adc.o
    0x080009e0   0x00000016   Code   RO         1063    i.ADC_DMACmd        stm32f10x_adc.o
    0x080009f6   0x00000014   Code   RO         1070    i.ADC_GetCalibrationStatus  stm32f10x_adc.o
    0x08000a0a   0x00000014   Code   RO         1076    i.ADC_GetResetCalibrationStatus  stm32f10x_adc.o
    0x08000a1e   0x00000002   PAD
    0x08000a20   0x00000050   Code   RO         1080    i.ADC_Init          stm32f10x_adc.o
    0x08000a70   0x000000b8   Code   RO         1084    i.ADC_RegularChannelConfig  stm32f10x_adc.o
    0x08000b28   0x0000000a   Code   RO         1085    i.ADC_ResetCalibration  stm32f10x_adc.o
    0x08000b32   0x0000000a   Code   RO         1089    i.ADC_StartCalibration  stm32f10x_adc.o
    0x08000b3c   0x00000094   Code   RO          595    i.BLE_Config        ble.o
    0x08000bd0   0x000000ec   Code   RO          772    i.BLE_NRF           control.o
    0x08000cbc   0x00000024   Code   RO          596    i.BLE_Rx            ble.o
    0x08000ce0   0x00000024   Code   RO          597    i.BLE_Tx            ble.o
    0x08000d04   0x00000038   Code   RO          573    i.Beep_Config       beep.o
    0x08000d3c   0x00000004   Code   RO          957    i.BusFault_Handler  stm32f10x_it.o
    0x08000d40   0x00000130   Code   RO          753    i.Control_Lever_Config  lever.o
    0x08000e70   0x00000308   Code   RO          773    i.DATA_Task         control.o
    0x08001178   0x00000018   Code   RO         1747    i.DMA_Cmd           stm32f10x_dma.o
    0x08001190   0x0000003c   Code   RO         1753    i.DMA_Init          stm32f10x_dma.o
    0x080011cc   0x000000d4   Code   RO          138    i.Data2Value        mpu6050.o
    0x080012a0   0x00000002   Code   RO          958    i.DebugMon_Handler  stm32f10x_it.o
    0x080012a2   0x00000002   PAD
    0x080012a4   0x00000044   Code   RO          849    i.Delay_Config      delay.o
    0x080012e8   0x0000004c   Code   RO          850    i.Delay_ms          delay.o
    0x08001334   0x0000004c   Code   RO          851    i.Delay_us          delay.o
    0x08001380   0x00000116   Code   RO         2171    i.GPIO_Init         stm32f10x_gpio.o
    0x08001496   0x00000002   PAD
    0x08001498   0x00000090   Code   RO         2173    i.GPIO_PinRemapConfig  stm32f10x_gpio.o
    0x08001528   0x00000012   Code   RO         2175    i.GPIO_ReadInputDataBit  stm32f10x_gpio.o
    0x0800153a   0x00000012   Code   RO         2177    i.GPIO_ReadOutputDataBit  stm32f10x_gpio.o
    0x0800154c   0x00000004   Code   RO         2178    i.GPIO_ResetBits    stm32f10x_gpio.o
    0x08001550   0x00000004   Code   RO         2179    i.GPIO_SetBits      stm32f10x_gpio.o
    0x08001554   0x0000008c   Code   RO          545    i.Get_Key           key.o
    0x080015e0   0x00000004   Code   RO          959    i.HardFault_Handler  stm32f10x_it.o
    0x080015e4   0x00000058   Code   RO          442    i.I2C_Check_Ack     i2c_pro.o
    0x0800163c   0x00000040   Code   RO          443    i.I2C_GPIO_Config   i2c_pro.o
    0x0800167c   0x00000054   Code   RO          444    i.I2C_Master_Ack    i2c_pro.o
    0x080016d0   0x00000060   Code   RO          445    i.I2C_ReadByte      i2c_pro.o
    0x08001730   0x0000004a   Code   RO          446    i.I2C_Read_16       i2c_pro.o
    0x0800177a   0x0000003e   Code   RO          447    i.I2C_Read_Data     i2c_pro.o
    0x080017b8   0x00000074   Code   RO          448    i.I2C_SendByte      i2c_pro.o
    0x0800182c   0x0000002e   Code   RO          449    i.I2C_Send_Data     i2c_pro.o
    0x0800185a   0x00000002   PAD
    0x0800185c   0x00000040   Code   RO          450    i.I2C_Start         i2c_pro.o
    0x0800189c   0x00000038   Code   RO          451    i.I2C_Stop          i2c_pro.o
    0x080018d4   0x00000764   Code   RO          139    i.IMU_Update        mpu6050.o
    0x08002038   0x0000005c   Code   RO          546    i.Key_Config        key.o
    0x08002094   0x00000090   Code   RO          547    i.Key_Scan          key.o
    0x08002124   0x00000044   Code   RO          629    i.LED1_Set          led.o
    0x08002168   0x00000044   Code   RO          630    i.LED2_Set          led.o
    0x080021ac   0x00000044   Code   RO          631    i.LED3_Set          led.o
    0x080021f0   0x00000048   Code   RO          632    i.LED_Config        led.o
    0x08002238   0x0000005c   Code   RO          774    i.LEV_BLE           control.o
    0x08002294   0x00000090   Code   RO          775    i.LEV_NRF           control.o
    0x08002324   0x000000c0   Code   RO          141    i.MPU6050_Init      mpu6050.o
    0x080023e4   0x000000bc   Code   RO          776    i.MPU_BLE           control.o
    0x080024a0   0x000000f4   Code   RO          777    i.MPU_NRF           control.o
    0x08002594   0x00000004   Code   RO          960    i.MemManage_Handler  stm32f10x_it.o
    0x08002598   0x00000002   Code   RO          961    i.NMI_Handler       stm32f10x_it.o
    0x0800259a   0x00000002   PAD
    0x0800259c   0x00000094   Code   RO          778    i.NRF_BLE           control.o
    0x08002630   0x00000050   Code   RO          663    i.NRF_Check         nrf.o
    0x08002680   0x0000003c   Code   RO          664    i.NRF_RBuf          nrf.o
    0x080026bc   0x0000002c   Code   RO          665    i.NRF_RReg          nrf.o
    0x080026e8   0x00000058   Code   RO          666    i.NRF_RX_Mode       nrf.o
    0x08002740   0x0000003a   Code   RO          667    i.NRF_RxPacket      nrf.o
    0x0800277a   0x00000002   PAD
    0x0800277c   0x00000068   Code   RO          669    i.NRF_TxPacket      nrf.o
    0x080027e4   0x00000068   Code   RO          670    i.NRF_Tx_Mode       nrf.o
    0x0800284c   0x0000003c   Code   RO          671    i.NRF_WBuf          nrf.o
    0x08002888   0x00000030   Code   RO          672    i.NRF_WReg          nrf.o
    0x080028b8   0x0000002a   Code   RO          878    i.NVIC_Config       sys.o
    0x080028e2   0x00000002   PAD
    0x080028e4   0x00000070   Code   RO         1020    i.NVIC_Init         misc.o
    0x08002954   0x00000014   Code   RO         1021    i.NVIC_PriorityGroupConfig  misc.o
    0x08002968   0x00000038   Code   RO          226    i.OLED_Area_Clear   oled.o
    0x080029a0   0x00000040   Code   RO          227    i.OLED_C6X8         oled.o
    0x080029e0   0x00000058   Code   RO          228    i.OLED_C8X16        oled.o
    0x08002a38   0x0000002e   Code   RO          229    i.OLED_CMD          oled.o
    0x08002a66   0x00000038   Code   RO          230    i.OLED_Clear        oled.o
    0x08002a9e   0x0000002e   Code   RO          231    i.OLED_DATA         oled.o
    0x08002acc   0x000000b2   Code   RO          232    i.OLED_Init         oled.o
    0x08002b7e   0x00000042   Code   RO          233    i.OLED_PIC          oled.o
    0x08002bc0   0x0000007c   Code   RO          234    i.OLED_Pos          oled.o
    0x08002c3c   0x00000034   Code   RO          235    i.OLED_S6X8         oled.o
    0x08002c70   0x0000002a   Code   RO          237    i.OLED_S8X16        oled.o
    0x08002c9a   0x00000002   Code   RO          962    i.PendSV_Handler    stm32f10x_it.o
    0x08002c9c   0x00000018   Code   RO         2585    i.RCC_ADCCLKConfig  stm32f10x_rcc.o
    0x08002cb4   0x00000020   Code   RO         2586    i.RCC_AHBPeriphClockCmd  stm32f10x_rcc.o
    0x08002cd4   0x00000020   Code   RO         2587    i.RCC_APB1PeriphClockCmd  stm32f10x_rcc.o
    0x08002cf4   0x00000020   Code   RO         2589    i.RCC_APB2PeriphClockCmd  stm32f10x_rcc.o
    0x08002d14   0x00000058   Code   RO          879    i.RCC_Config        sys.o
    0x08002d6c   0x0000004c   Code   RO         2596    i.RCC_DeInit        stm32f10x_rcc.o
    0x08002db8   0x000000d4   Code   RO         2597    i.RCC_GetClocksFreq  stm32f10x_rcc.o
    0x08002e8c   0x0000003c   Code   RO         2598    i.RCC_GetFlagStatus  stm32f10x_rcc.o
    0x08002ec8   0x00000010   Code   RO         2600    i.RCC_GetSYSCLKSource  stm32f10x_rcc.o
    0x08002ed8   0x00000018   Code   RO         2601    i.RCC_HCLKConfig    stm32f10x_rcc.o
    0x08002ef0   0x0000004c   Code   RO         2602    i.RCC_HSEConfig     stm32f10x_rcc.o
    0x08002f3c   0x00000018   Code   RO         2608    i.RCC_PCLK1Config   stm32f10x_rcc.o
    0x08002f54   0x00000018   Code   RO         2609    i.RCC_PCLK2Config   stm32f10x_rcc.o
    0x08002f6c   0x0000000c   Code   RO         2610    i.RCC_PLLCmd        stm32f10x_rcc.o
    0x08002f78   0x0000001c   Code   RO         2611    i.RCC_PLLConfig     stm32f10x_rcc.o
    0x08002f94   0x00000018   Code   RO         2614    i.RCC_SYSCLKConfig  stm32f10x_rcc.o
    0x08002fac   0x00000038   Code   RO         2616    i.RCC_WaitForHSEStartUp  stm32f10x_rcc.o
    0x08002fe4   0x0000002c   Code   RO          452    i.SDA_IN            i2c_pro.o
    0x08003010   0x0000002c   Code   RO          453    i.SDA_OUT           i2c_pro.o
    0x0800303c   0x00000044   Code   RO          366    i.SIM_IIC_CHECK_ACK  sim_iic.o
    0x08003080   0x0000003c   Code   RO          368    i.SIM_IIC_MASTER_ACK  sim_iic.o
    0x080030bc   0x0000003c   Code   RO          369    i.SIM_IIC_START     sim_iic.o
    0x080030f8   0x00000034   Code   RO          370    i.SIM_IIC_STOP      sim_iic.o
    0x0800312c   0x0000002c   Code   RO          372    i.SIM_SCL_OUT       sim_iic.o
    0x08003158   0x00000024   Code   RO          373    i.SIM_SDA_IN        sim_iic.o
    0x0800317c   0x0000002c   Code   RO          374    i.SIM_SDA_OUT       sim_iic.o
    0x080031a8   0x00000064   Code   RO          375    i.SIM_SEND_BYTE     sim_iic.o
    0x0800320c   0x000000f4   Code   RO          673    i.SPI2_NRF_CONFIG   nrf.o
    0x08003300   0x00000028   Code   RO          674    i.SPI2_SetSpeed     nrf.o
    0x08003328   0x00000054   Code   RO          675    i.SPI2_WRByte       nrf.o
    0x0800337c   0x00000018   Code   RO         3066    i.SPI_Cmd           stm32f10x_spi.o
    0x08003394   0x00000012   Code   RO         3074    i.SPI_I2S_GetFlagStatus  stm32f10x_spi.o
    0x080033a6   0x00000006   Code   RO         3077    i.SPI_I2S_ReceiveData  stm32f10x_spi.o
    0x080033ac   0x00000004   Code   RO         3078    i.SPI_I2S_SendData  stm32f10x_spi.o
    0x080033b0   0x0000003c   Code   RO         3079    i.SPI_Init          stm32f10x_spi.o
    0x080033ec   0x00000002   Code   RO          963    i.SVC_Handler       stm32f10x_it.o
    0x080033ee   0x00000008   Code   RO           24    i.SetSysClock       system_stm32f10x.o
    0x080033f6   0x00000002   PAD
    0x080033f8   0x000000e0   Code   RO           25    i.SetSysClockTo72   system_stm32f10x.o
    0x080034d8   0x00000204   Code   RO          779    i.Show_Screen       control.o
    0x080036dc   0x00000034   Code   RO          238    i.Start_Pic         oled.o
    0x08003710   0x00000038   Code   RO          520    i.Switch_Code       toggle_switch.o
    0x08003748   0x00000030   Code   RO          521    i.Switch_Config     toggle_switch.o
    0x08003778   0x00000028   Code   RO         1024    i.SysTick_CLKSourceConfig  misc.o
    0x080037a0   0x00000002   Code   RO          964    i.SysTick_Handler   stm32f10x_it.o
    0x080037a2   0x00000002   PAD
    0x080037a4   0x00000060   Code   RO           27    i.SystemInit        system_stm32f10x.o
    0x08003804   0x00000050   Code   RO          780    i.TIM2_Config       control.o
    0x08003854   0x00000028   Code   RO          781    i.TIM2_IRQHandler   control.o
    0x0800387c   0x00000006   Code   RO         3215    i.TIM_ClearFlag     stm32f10x_tim.o
    0x08003882   0x00000018   Code   RO         3221    i.TIM_Cmd           stm32f10x_tim.o
    0x0800389a   0x00000012   Code   RO         3241    i.TIM_GetFlagStatus  stm32f10x_tim.o
    0x080038ac   0x00000012   Code   RO         3246    i.TIM_ITConfig      stm32f10x_tim.o
    0x080038be   0x00000002   PAD
    0x080038c0   0x000000a4   Code   RO         3292    i.TIM_TimeBaseInit  stm32f10x_tim.o
    0x08003964   0x000000ac   Code   RO          904    i.USART1_Config     usart.o
    0x08003a10   0x00000084   Code   RO          905    i.USART1_IRQHandler  usart.o
    0x08003a94   0x00000034   Code   RO          598    i.USART2_IRQHandler  ble.o
    0x08003ac8   0x00000012   Code   RO         3753    i.USART_ClearFlag   stm32f10x_usart.o
    0x08003ada   0x00000018   Code   RO         3757    i.USART_Cmd         stm32f10x_usart.o
    0x08003af2   0x0000001a   Code   RO         3760    i.USART_GetFlagStatus  stm32f10x_usart.o
    0x08003b0c   0x0000004a   Code   RO         3763    i.USART_ITConfig    stm32f10x_usart.o
    0x08003b56   0x00000002   PAD
    0x08003b58   0x000000d8   Code   RO         3764    i.USART_Init        stm32f10x_usart.o
    0x08003c30   0x0000000a   Code   RO         3771    i.USART_ReceiveData  stm32f10x_usart.o
    0x08003c3a   0x00000008   Code   RO         3774    i.USART_SendData    stm32f10x_usart.o
    0x08003c42   0x00000004   Code   RO          965    i.UsageFault_Handler  stm32f10x_it.o
    0x08003c46   0x00000002   PAD
    0x08003c48   0x00000020   Code   RO         4249    i.__0printf         mc_w.l(printfa.o)
    0x08003c68   0x00000028   Code   RO         4321    i.__ARM_fpclassify  m_ws.l(fpclassify.o)
    0x08003c90   0x000000aa   Code   RO         4323    i.__kernel_poly     m_ws.l(poly.o)
    0x08003d3a   0x00000006   Code   RO         4308    i.__mathlib_dbl_infnan  m_ws.l(dunder.o)
    0x08003d40   0x00000004   Code   RO         4309    i.__mathlib_dbl_infnan2  m_ws.l(dunder.o)
    0x08003d44   0x0000000c   Code   RO         4310    i.__mathlib_dbl_invalid  m_ws.l(dunder.o)
    0x08003d50   0x00000010   Code   RO         4313    i.__mathlib_dbl_underflow  m_ws.l(dunder.o)
    0x08003d60   0x0000000e   Code   RO         4379    i.__scatterload_copy  mc_w.l(handlers.o)
    0x08003d6e   0x00000002   Code   RO         4380    i.__scatterload_null  mc_w.l(handlers.o)
    0x08003d70   0x0000000e   Code   RO         4381    i.__scatterload_zeroinit  mc_w.l(handlers.o)
    0x08003d7e   0x00000002   PAD
    0x08003d80   0x0000000c   Code   RO         4347    i.__set_errno       mc_w.l(errno.o)
    0x08003d8c   0x00000184   Code   RO         4256    i._fp_digits        mc_w.l(printfa.o)
    0x08003f10   0x000006dc   Code   RO         4257    i._printf_core      mc_w.l(printfa.o)
    0x080045ec   0x00000024   Code   RO         4258    i._printf_post_padding  mc_w.l(printfa.o)
    0x08004610   0x0000002e   Code   RO         4259    i._printf_pre_padding  mc_w.l(printfa.o)
    0x0800463e   0x00000002   PAD
    0x08004640   0x00000270   Code   RO         3988    i.asin              m_ws.l(asin.o)
    0x080048b0   0x00000220   Code   RO         4298    i.atan              m_ws.l(atan.o)
    0x08004ad0   0x00000180   Code   RO         3998    i.atan2             m_ws.l(atan2.o)
    0x08004c50   0x00000024   Code   RO          907    i.fputc             usart.o
    0x08004c74   0x00000154   Code   RO          941    i.main              main.o
    0x08004dc8   0x0000004c   Code   RO         4006    i.sqrt              m_ws.l(sqrt.o)
    0x08004e14   0x00000c1e   Data   RO          240    .constdata          oled.o
    0x08005a32   0x0000000a   Data   RO          676    .constdata          nrf.o
    0x08005a3c   0x00000004   PAD
    0x08005a40   0x00000050   Data   RO         3989    .constdata          m_ws.l(asin.o)
    0x08005a90   0x00000098   Data   RO         4299    .constdata          m_ws.l(atan.o)
    0x08005b28   0x00000008   Data   RO         4325    .constdata          m_ws.l(qnan.o)
    0x08005b30   0x00000020   Data   RO         4377    Region$$Table       anon$$obj.o


    Execution Region RW_IRAM1 (Base: 0x20000000, Size: 0x000005a8, Max: 0x00005000, ABSOLUTE)

    Base Addr    Size         Type   Attr      Idx    E Section Name        Object

    0x20000000   0x00000014   Data   RW           28    .data               system_stm32f10x.o
    0x20000014   0x00000054   Data   RW          143    .data               mpu6050.o
    0x20000068   0x00000001   Data   RW          522    .data               toggle_switch.o
    0x20000069   0x00000003   Data   RW          548    .data               key.o
    0x2000006c   0x00000001   Data   RW          599    .data               ble.o
    0x2000006d   0x00000001   PAD
    0x2000006e   0x00000006   Data   RW          633    .data               led.o
    0x20000074   0x00000008   Data   RW          754    .data               lever.o
    0x2000007c   0x00000020   Data   RW          783    .data               control.o
    0x2000009c   0x00000003   Data   RW          852    .data               delay.o
    0x2000009f   0x00000001   PAD
    0x200000a0   0x00000002   Data   RW          909    .data               usart.o
    0x200000a2   0x00000014   Data   RW         2617    .data               stm32f10x_rcc.o
    0x200000b6   0x00000002   PAD
    0x200000b8   0x00000004   Data   RW         4340    .data               mc_w.l(stdout.o)
    0x200000bc   0x00000004   Data   RW         4348    .data               mc_w.l(errno.o)
    0x200000c0   0x0000001c   Zero   RW          782    .bss                control.o
    0x200000dc   0x000000c8   Zero   RW          908    .bss                usart.o
    0x200001a4   0x00000004   PAD
    0x200001a8   0x00000400   Zero   RW            1    STACK               startup_stm32f10x_md.o


==============================================================================

Image component sizes


      Code (inc. data)   RO Data    RW Data    ZI Data      Debug   Object Name

        56         10          0          0          0        474   beep.o
       272         36          0          1          0       2135   ble.o
      2464        222          0         32         28       8826   control.o
         0          0          0          0          0       4508   core_cm3.o
       220         26          0          3          0       1661   delay.o
       838         40          0          0          0       6213   i2c_pro.o
       376         48          0          3          0       1686   key.o
       276         42          0          6          0       1834   led.o
       304         22          0          8          0       1306   lever.o
       340         22          0          0          0        703   main.o
       172         22          0          0          0       1945   misc.o
      2296        144          0         84          0     216115   mpu6050.o
      1014        104         10          0          0       7406   nrf.o
       870         18       3102          0          0       8588   oled.o
       464         40          0          0          0       3969   sim_iic.o
        36          8        236          0       1024        832   startup_stm32f10x_md.o
       368         10          0          0          0       6598   stm32f10x_adc.o
        84          0          0          0          0       2685   stm32f10x_dma.o
       466          6          0          0          0       4939   stm32f10x_gpio.o
        26          0          0          0          0       3810   stm32f10x_it.o
       752        104          0         20          0      11197   stm32f10x_rcc.o
       112          0          0          0          0       3666   stm32f10x_spi.o
       230         42          0          0          0       3308   stm32f10x_tim.o
       376          6          0          0          0       5755   stm32f10x_usart.o
       130          0          0          0          0       1247   sys.o
       328         28          0         20          0      62293   system_stm32f10x.o
       104         22          0          1          0        954   toggle_switch.o
       340         26          0          2        200       2340   usart.o

    ----------------------------------------------------------------------
     13338       1048       3384        184       1256     376993   Object Totals
         0          0         32          0          0          0   (incl. Generated)
        24          0          4          4          4          0   (incl. Padding)

    ----------------------------------------------------------------------

      Code (inc. data)   RO Data    RW Data    ZI Data      Debug   Library Member Name

       624         52         80          0          0        168   asin.o
       544         70        152          0          0        124   atan.o
       384         38          0          0          0        144   atan2.o
        38          6          0          0          0        272   dunder.o
        40          0          0          0          0         68   fpclassify.o
       170          0          0          0          0         96   poly.o
         0          0          8          0          0          0   qnan.o
        76          0          0          0          0         84   sqrt.o
         0          0          0          0          0          0   entry.o
         0          0          0          0          0          0   entry10a.o
         0          0          0          0          0          0   entry11a.o
         8          4          0          0          0          0   entry2.o
         4          0          0          0          0          0   entry5.o
         0          0          0          0          0          0   entry7b.o
         0          0          0          0          0          0   entry8b.o
         8          4          0          0          0          0   entry9a.o
        12          6          0          4          0         68   errno.o
        30          0          0          0          0          0   handlers.o
        36          8          0          0          0         68   init.o
         0          0          0          0          0          0   iusefp.o
        30          0          0          0          0         68   llshl.o
        36          0          0          0          0         68   llsshr.o
        32          0          0          0          0         68   llushr.o
      2258         90          0          0          0        452   printfa.o
         0          0          0          4          0          0   stdout.o
        44          0          0          0          0         80   uidiv.o
        98          0          0          0          0         92   uldiv.o
        48          0          0          0          0         68   cdrcmple.o
        56          0          0          0          0         88   d2f.o
       334          0          0          0          0        148   dadd.o
       222          0          0          0          0        100   ddiv.o
       186          0          0          0          0        176   depilogue.o
        48          0          0          0          0         68   dfixul.o
       228          0          0          0          0         96   dmul.o
        46          0          0          0          0         80   dscalb.o
       162          0          0          0          0        100   dsqrt.o
        38          0          0          0          0         68   f2d.o
       176          0          0          0          0        140   fadd.o
       124          0          0          0          0         88   fdiv.o
       110          0          0          0          0        168   fepilogue.o
        40          0          0          0          0         68   ffixui.o
        18          0          0          0          0         68   fflti.o
       100          0          0          0          0         76   fmul.o

    ----------------------------------------------------------------------
      6414        278        240          8          0       3520   Library Totals
         6          0          0          0          0          0   (incl. Padding)

    ----------------------------------------------------------------------

      Code (inc. data)   RO Data    RW Data    ZI Data      Debug   Library Name

      1876        166        240          0          0        956   m_ws.l
      2596        112          0          8          0        964   mc_w.l
      1936          0          0          0          0       1600   mf_w.l

    ----------------------------------------------------------------------
      6414        278        240          8          0       3520   Library Totals

    ----------------------------------------------------------------------

==============================================================================


      Code (inc. data)   RO Data    RW Data    ZI Data      Debug   

     19752       1326       3624        192       1256     371513   Grand Totals
     19752       1326       3624        192       1256     371513   ELF Image Totals
     19752       1326       3624        192          0          0   ROM Totals

==============================================================================

    Total RO  Size (Code + RO Data)                23376 (  22.83kB)
    Total RW  Size (RW Data + ZI Data)              1448 (   1.41kB)
    Total ROM Size (Code + RO Data + RW Data)      23568 (  23.02kB)

==============================================================================

